
Running 12 tests using 8 workers

  ✓   1 [chrome] › specs/settings.spec.ts:31:13 › settings › tab "api" has its own URL and content (2.2s)
  ✓   5 [chrome] › specs/settings.spec.ts:31:13 › settings › tab "gdpr" has its own URL and content (2.2s)
  ✓   2 [chrome] › specs/settings.spec.ts:31:13 › settings › tab "account" has its own URL and content (2.3s)
  ✓   6 [chrome] › specs/settings.spec.ts:31:13 › settings › tab "providers" has its own URL and content (2.2s)
  ✓   7 [chrome] › specs/settings.spec.ts:31:13 › settings › tab "team" has its own URL and content (2.2s)
  ✓   4 [chrome] › specs/settings.spec.ts:31:13 › settings › tab "billing" has its own URL and content (2.3s)
  ✓   8 [chrome] › specs/settings.spec.ts:31:13 › settings › tab "notifications" has its own URL and content (2.5s)
  ✓  12 [chrome] › specs/settings.spec.ts:79:9 › settings › the notification matrix covers every channel (821ms)
  ✓  10 [chrome] › specs/settings.spec.ts:61:9 › settings › deliverability records show their verification state (880ms)
  ✓   9 [chrome] › specs/settings.spec.ts:52:9 › settings › the tracker snippet is highlighted server-side (904ms)
  ✓  11 [chrome] › specs/settings.spec.ts:71:9 › settings › a failing webhook is reported in place (892ms)
  ✘   3 [chrome] › specs/settings.spec.ts:31:13 › settings › tab "sites" has its own URL and content (7.1s)


  1) [chrome] › specs/settings.spec.ts:31:13 › settings › tab "sites" has its own URL and content ──

    Error: expect(locator).toHaveAttribute(expected) failed

    Locator: locator('.settings-nav a').filter({ hasText: 'Śledzone strony' })
    Expected: "true"
    Timeout: 5000ms
    Error: element(s) not found

    Call log:
      - Expect "toHaveAttribute" with timeout 5000ms
      - waiting for locator('.settings-nav a').filter({ hasText: 'Śledzone strony' })


      43 |             await expect(
      44 |                 page.locator(".settings-nav a", { hasText: tab.label }),
    > 45 |             ).toHaveAttribute("aria-current", "true");
         |               ^
      46 |             await expect(page.locator(".settings-grid")).toContainText(
      47 |                 tab.marker,
      48 |             );
        at /home/muszkin/work/kivvi-click-wt/verify-wave-4-e2e/tests/e2e/specs/settings.spec.ts:45:15

    attachment #1: screenshot (image/png) ──────────────────────────────────────────────────────────
    test-results/settings-settings-tab-sites-has-its-own-URL-and-content-chrome/test-failed-1.png
    ────────────────────────────────────────────────────────────────────────────────────────────────

    Error Context: test-results/settings-settings-tab-sites-has-its-own-URL-and-content-chrome/error-context.md

    attachment #3: trace (application/zip) ─────────────────────────────────────────────────────────
    test-results/settings-settings-tab-sites-has-its-own-URL-and-content-chrome/trace.zip
    Usage:

        npx playwright show-trace test-results/settings-settings-tab-sites-has-its-own-URL-and-content-chrome/trace.zip

    ────────────────────────────────────────────────────────────────────────────────────────────────

  1 failed
    [chrome] › specs/settings.spec.ts:31:13 › settings › tab "sites" has its own URL and content ───
  11 passed (8.1s)
