WARNING: A terminally deprecated method in sun.misc.Unsafe has been called
WARNING: sun.misc.Unsafe::staticFieldBase has been called by com.google.inject.internal.aop.HiddenClassDefiner (file:/home/muszkin/.m2/wrapper/dists/apache-maven-3.9.11/a2d47e15/lib/guice-5.1.0-classes.jar)
WARNING: Please consider reporting this to the maintainers of class com.google.inject.internal.aop.HiddenClassDefiner
WARNING: sun.misc.Unsafe::staticFieldBase will be removed in a future release
03:57:05.316 [main] INFO com.tngtech.archunit.core.PluginLoader -- Detected Java version 25.0.4.1
[ERROR] Tests run: 5, Failures: 2, Errors: 0, Skipped: 0, Time elapsed: 1.760 s <<< FAILURE! -- in click.kivvi.architecture.ArchitectureTest
[ERROR] click.kivvi.architecture.ArchitectureTest.infrastructureIsOnlyUsedFromApplication -- Time elapsed: 0.013 s <<< FAILURE!
java.lang.AssertionError: 
Architecture Violation [Priority: MEDIUM] - Rule 'classes that reside in a package '..infrastructure..' should only be accessed by any package ['..infrastructure..', '..application..']' was violated (1 times):
Method <click.kivvi.web.ArchProbeMercurePublisherAccess.probe(click.kivvi.infrastructure.mercure.MercurePublisher)> calls method <click.kivvi.infrastructure.mercure.MercurePublisher.publish(java.lang.String, java.lang.String)> in (ArchProbeMercurePublisherAccess.java:8)
	at com.tngtech.archunit.lang.ArchRule$Assertions.assertNoViolation(ArchRule.java:94)
	at com.tngtech.archunit.lang.ArchRule$Assertions.check(ArchRule.java:86)
	at com.tngtech.archunit.lang.ArchRule$Factory$SimpleArchRule.check(ArchRule.java:165)
	at com.tngtech.archunit.lang.syntax.ObjectsShouldInternal.check(ObjectsShouldInternal.java:81)
	at click.kivvi.architecture.ArchitectureTest.infrastructureIsOnlyUsedFromApplication(ArchitectureTest.java:66)

[ERROR] click.kivvi.architecture.ArchitectureTest.onlyTrackingApplicationAndMercureInfrastructureDependOnThePublisher -- Time elapsed: 0.004 s <<< FAILURE!
java.lang.AssertionError: 
Architecture Violation [Priority: MEDIUM] - Rule 'classes that have simple name 'MercurePublisher' or have simple name 'HttpMercurePublisher' should only be accessed by any package ['click.kivvi.application.tracking..', 'click.kivvi.infrastructure.mercure..']' was violated (1 times):
Method <click.kivvi.web.ArchProbeMercurePublisherAccess.probe(click.kivvi.infrastructure.mercure.MercurePublisher)> calls method <click.kivvi.infrastructure.mercure.MercurePublisher.publish(java.lang.String, java.lang.String)> in (ArchProbeMercurePublisherAccess.java:8)
	at com.tngtech.archunit.lang.ArchRule$Assertions.assertNoViolation(ArchRule.java:94)
	at com.tngtech.archunit.lang.ArchRule$Assertions.check(ArchRule.java:86)
	at com.tngtech.archunit.lang.ArchRule$Factory$SimpleArchRule.check(ArchRule.java:165)
	at com.tngtech.archunit.lang.syntax.ObjectsShouldInternal.check(ObjectsShouldInternal.java:81)
	at click.kivvi.architecture.ArchitectureTest.onlyTrackingApplicationAndMercureInfrastructureDependOnThePublisher(ArchitectureTest.java:92)

[ERROR] Failures: 
[ERROR]   ArchitectureTest.infrastructureIsOnlyUsedFromApplication:66 Architecture Violation [Priority: MEDIUM] - Rule 'classes that reside in a package '..infrastructure..' should only be accessed by any package ['..infrastructure..', '..application..']' was violated (1 times):
Method <click.kivvi.web.ArchProbeMercurePublisherAccess.probe(click.kivvi.infrastructure.mercure.MercurePublisher)> calls method <click.kivvi.infrastructure.mercure.MercurePublisher.publish(java.lang.String, java.lang.String)> in (ArchProbeMercurePublisherAccess.java:8)
[ERROR]   ArchitectureTest.onlyTrackingApplicationAndMercureInfrastructureDependOnThePublisher:92 Architecture Violation [Priority: MEDIUM] - Rule 'classes that have simple name 'MercurePublisher' or have simple name 'HttpMercurePublisher' should only be accessed by any package ['click.kivvi.application.tracking..', 'click.kivvi.infrastructure.mercure..']' was violated (1 times):
Method <click.kivvi.web.ArchProbeMercurePublisherAccess.probe(click.kivvi.infrastructure.mercure.MercurePublisher)> calls method <click.kivvi.infrastructure.mercure.MercurePublisher.publish(java.lang.String, java.lang.String)> in (ArchProbeMercurePublisherAccess.java:8)
[ERROR] Tests run: 5, Failures: 2, Errors: 0, Skipped: 0
[ERROR] Failed to execute goal org.apache.maven.plugins:maven-surefire-plugin:3.5.6:test (default-test) on project kivvi-click: There are test failures.
[ERROR] 
[ERROR] See /home/muszkin/work/kivvi-click-wt/verify-wave-3-architecture/backend/target/surefire-reports for the individual test results.
[ERROR] See dump files (if any exist) [date].dump, [date]-jvmRun[N].dump and [date].dumpstream.
[ERROR] -> [Help 1]
[ERROR] 
[ERROR] To see the full stack trace of the errors, re-run Maven with the -e switch.
[ERROR] Re-run Maven using the -X switch to enable full debug logging.
[ERROR] 
[ERROR] For more information about the errors and possible solutions, please read the following articles:
[ERROR] [Help 1] http://cwiki.apache.org/confluence/display/MAVEN/MojoFailureException
