WARNING: A terminally deprecated method in sun.misc.Unsafe has been called
WARNING: sun.misc.Unsafe::staticFieldBase has been called by com.google.inject.internal.aop.HiddenClassDefiner (file:/home/muszkin/.m2/wrapper/dists/apache-maven-3.9.11/a2d47e15/lib/guice-5.1.0-classes.jar)
WARNING: Please consider reporting this to the maintainers of class com.google.inject.internal.aop.HiddenClassDefiner
WARNING: sun.misc.Unsafe::staticFieldBase will be removed in a future release
03:57:26.748 [main] INFO com.tngtech.archunit.core.PluginLoader -- Detected Java version 25.0.4.1
[ERROR] Tests run: 5, Failures: 1, Errors: 0, Skipped: 0, Time elapsed: 1.517 s <<< FAILURE! -- in click.kivvi.architecture.ArchitectureTest
[ERROR] click.kivvi.architecture.ArchitectureTest.accountsTopicLiteralExistsOnlyInEventStreamTopic -- Time elapsed: 0.057 s <<< FAILURE!
org.opentest4j.AssertionFailedError: 

Expecting actual:
  ["src/main/java/click/kivvi/domain/tracking/EventStreamTopic.java",
    "src/main/java/click/kivvi/domain/ArchProbeAccountsLiteral.java"]
to contain exactly (and in same order):
  ["src/main/java/click/kivvi/domain/tracking/EventStreamTopic.java"]
but some elements were not expected:
  ["src/main/java/click/kivvi/domain/ArchProbeAccountsLiteral.java"]

	at click.kivvi.architecture.ArchitectureTest.accountsTopicLiteralExistsOnlyInEventStreamTopic(ArchitectureTest.java:115)

[ERROR] Failures: 
[ERROR]   ArchitectureTest.accountsTopicLiteralExistsOnlyInEventStreamTopic:115 
Expecting actual:
  ["src/main/java/click/kivvi/domain/tracking/EventStreamTopic.java",
    "src/main/java/click/kivvi/domain/ArchProbeAccountsLiteral.java"]
to contain exactly (and in same order):
  ["src/main/java/click/kivvi/domain/tracking/EventStreamTopic.java"]
but some elements were not expected:
  ["src/main/java/click/kivvi/domain/ArchProbeAccountsLiteral.java"]

[ERROR] Tests run: 5, Failures: 1, Errors: 0, Skipped: 0
[ERROR] Failed to execute goal org.apache.maven.plugins:maven-surefire-plugin:3.5.6:test (default-test) on project kivvi-click: There are test failures.
[ERROR] 
[ERROR] See /home/muszkin/work/kivvi-click-wt/verify-wave-3-architecture/backend/target/surefire-reports for the individual test results.
[ERROR] See dump files (if any exist) [date].dump, [date]-jvmRun[N].dump and [date].dumpstream.
[ERROR] -> [Help 1]
[ERROR] 
[ERROR] To see the full stack trace of the errors, re-run Maven with the -e switch.
[ERROR] Re-run Maven using the -X switch to enable full debug logging.
[ERROR] 
[ERROR] For more information about the errors and possible solutions, please read the following articles:
[ERROR] [Help 1] http://cwiki.apache.org/confluence/display/MAVEN/MojoFailureException
