WARNING: A terminally deprecated method in sun.misc.Unsafe has been called
WARNING: sun.misc.Unsafe::staticFieldBase has been called by com.google.inject.internal.aop.HiddenClassDefiner (file:/home/muszkin/.m2/wrapper/dists/apache-maven-3.9.11/a2d47e15/lib/guice-5.1.0-classes.jar)
WARNING: Please consider reporting this to the maintainers of class com.google.inject.internal.aop.HiddenClassDefiner
WARNING: sun.misc.Unsafe::staticFieldBase will be removed in a future release
[ERROR] Failed to execute goal com.diffplug.spotless:spotless-maven-plugin:3.10.2:check (default-cli) on project kivvi-click: The following files had format violations:
[ERROR]     src/main/java/click/kivvi/domain/ArchProbeFormatting.java
[ERROR]         @@ -1,10 +1,8 @@
[ERROR]          package·click.kivvi.domain;
[ERROR]          
[ERROR]          /**·Throwaway·formatting-gate·negative·probe.·*/
[ERROR]         -public·class·ArchProbeFormatting
[ERROR]         -{
[ERROR]         -····public·int·value()
[ERROR]         -····{
[ERROR]         -········return·1;
[ERROR]         -····}
[ERROR]         +public·class·ArchProbeFormatting·{
[ERROR]         +··public·int·value()·{
[ERROR]         +····return·1;
[ERROR]         +··}
[ERROR]          }
[ERROR] Run 'mvn spotless:apply' to fix these violations.
[ERROR] -> [Help 1]
[ERROR] 
[ERROR] To see the full stack trace of the errors, re-run Maven with the -e switch.
[ERROR] Re-run Maven using the -X switch to enable full debug logging.
[ERROR] 
[ERROR] For more information about the errors and possible solutions, please read the following articles:
[ERROR] [Help 1] http://cwiki.apache.org/confluence/display/MAVEN/MojoExecutionException
