WARNING: A terminally deprecated method in sun.misc.Unsafe has been called
WARNING: sun.misc.Unsafe::staticFieldBase has been called by com.google.inject.internal.aop.HiddenClassDefiner (file:/home/muszkin/.m2/wrapper/dists/apache-maven-3.9.11/a2d47e15/lib/guice-5.1.0-classes.jar)
WARNING: Please consider reporting this to the maintainers of class com.google.inject.internal.aop.HiddenClassDefiner
WARNING: sun.misc.Unsafe::staticFieldBase will be removed in a future release
03:59:28.283 [main] WARN click.kivvi.web.ArchProbe -- deliberate probe warning
[ERROR] Tests run: 1, Failures: 1, Errors: 0, Skipped: 0, Time elapsed: 0.045 s <<< FAILURE! -- in click.kivvi.testsupport.ArchProbeLiveWarnTest
[ERROR] click.kivvi.testsupport.ArchProbeLiveWarnTest.deliberateWarnShouldFailTheTest -- Time elapsed: 0.029 s <<< FAILURE!
java.lang.AssertionError: 
click.kivvi.* logged at WARN or above during deliberateWarnShouldFailTheTest() (fail-on-warning test policy, architecture/rules-translated.md row 3):
[WARN] click.kivvi.web.ArchProbe: deliberate probe warning
	at click.kivvi.testsupport.FailOnWarnLogExtension.lambda$afterEach$0(FailOnWarnLogExtension.java:80)
	at java.base/java.util.Optional.ifPresent(Optional.java:178)
	at click.kivvi.testsupport.FailOnWarnLogExtension.afterEach(FailOnWarnLogExtension.java:76)
	at java.base/java.util.ArrayList.forEach(ArrayList.java:1604)
	at java.base/java.util.ArrayList.forEach(ArrayList.java:1604)

[ERROR] Failures: 
[ERROR]   ArchProbeLiveWarnTest.deliberateWarnShouldFailTheTest click.kivvi.* logged at WARN or above during deliberateWarnShouldFailTheTest() (fail-on-warning test policy, architecture/rules-translated.md row 3):
[WARN] click.kivvi.web.ArchProbe: deliberate probe warning
[ERROR] Tests run: 1, Failures: 1, Errors: 0, Skipped: 0
[ERROR] Failed to execute goal org.apache.maven.plugins:maven-surefire-plugin:3.5.6:test (default-test) on project kivvi-click: There are test failures.
[ERROR] 
[ERROR] See /home/muszkin/work/kivvi-click-wt/verify-wave-3-architecture/backend/target/surefire-reports for the individual test results.
[ERROR] See dump files (if any exist) [date].dump, [date]-jvmRun[N].dump and [date].dumpstream.
[ERROR] -> [Help 1]
[ERROR] 
[ERROR] To see the full stack trace of the errors, re-run Maven with the -e switch.
[ERROR] Re-run Maven using the -X switch to enable full debug logging.
[ERROR] 
[ERROR] For more information about the errors and possible solutions, please read the following articles:
[ERROR] [Help 1] http://cwiki.apache.org/confluence/display/MAVEN/MojoFailureException
