(node:862290) Warning: Setting the NODE_TLS_REJECT_UNAUTHORIZED environment variable to '0' makes TLS connections and HTTPS requests insecure by disabling certificate verification.
(Use `node --trace-warnings ...` to show where the warning was created)
{
  "initialJsGzipBytes": {
    "value": 101983,
    "budget": 307200,
    "pass": true
  },
  "lcpMillis": {
    "value": 188,
    "budget": 2000,
    "pass": true
  },
  "ttiMillis": {
    "value": 17,
    "budget": 2500,
    "pass": true
  },
  "collectP95Millis": {
    "value": 6.376010999999835,
    "budget": 500,
    "pass": true
  }
}
