
Running 14 tests using 1 worker

  ✓   1 [chrome] › specs/navigation.spec.ts:26:13 › app shell › sidebar entry "dashboard" opens its page (875ms)
  ✓   2 [chrome] › specs/navigation.spec.ts:26:13 › app shell › sidebar entry "events" opens its page (851ms)
  ✓   3 [chrome] › specs/navigation.spec.ts:26:13 › app shell › sidebar entry "customers" opens its page (1.1s)
  ✓   4 [chrome] › specs/navigation.spec.ts:26:13 › app shell › sidebar entry "automations" opens its page (800ms)
  ✓   5 [chrome] › specs/navigation.spec.ts:26:13 › app shell › sidebar entry "campaigns" opens its page (973ms)
  ✓   6 [chrome] › specs/navigation.spec.ts:26:13 › app shell › sidebar entry "popups" opens its page (811ms)
  ✓   7 [chrome] › specs/navigation.spec.ts:26:13 › app shell › sidebar entry "feeds" opens its page (1.0s)
  ✓   8 [chrome] › specs/navigation.spec.ts:26:13 › app shell › sidebar entry "import" opens its page (802ms)
  ✓   9 [chrome] › specs/navigation.spec.ts:26:13 › app shell › sidebar entry "settings" opens its page (1.1s)
  ✓  10 [chrome] › specs/navigation.spec.ts:46:9 › app shell › only .main-scroll scrolls, never the window (603ms)
  ✓  11 [chrome] › specs/navigation.spec.ts:63:9 › app shell › sidebar collapse survives a reload (1.0s)
  ✓  12 [chrome] › specs/navigation.spec.ts:89:9 › app shell › theme toggle survives a reload (1.3s)
  ✓  13 [chrome] › specs/navigation.spec.ts:115:9 › app shell › locale switch keeps the current page (1.1s)
  ✘  14 [chrome] › specs/navigation.spec.ts:125:9 › app shell › breadcrumb names the current section (252ms)


  1) [chrome] › specs/navigation.spec.ts:125:9 › app shell › breadcrumb names the current section ──

    Error: page.goto: net::ERR_NETWORK_CHANGED at https://localhost:19101/pl/feeds
    Call log:
      - navigating to "https://localhost:19101/pl/feeds", waiting until "load"


      124 |
      125 |     test("breadcrumb names the current section", async ({ page }) => {
    > 126 |         await page.goto("/pl/feeds");
          |                    ^
      127 |
      128 |         await expect(page.locator(".crumbs .now")).toHaveText(
      129 |             "Feedy produktów",
        at /home/muszkin/work/kivvi-click-wt/verify-wave-4-e2e/tests/e2e/specs/navigation.spec.ts:126:20

    Error Context: test-results/navigation-app-shell-breadcrumb-names-the-current-section-chrome/error-context.md

    attachment #2: trace (application/zip) ─────────────────────────────────────────────────────────
    test-results/navigation-app-shell-breadcrumb-names-the-current-section-chrome/trace.zip
    Usage:

        npx playwright show-trace test-results/navigation-app-shell-breadcrumb-names-the-current-section-chrome/trace.zip

    ────────────────────────────────────────────────────────────────────────────────────────────────

  1 failed
    [chrome] › specs/navigation.spec.ts:125:9 › app shell › breadcrumb names the current section ───
  13 passed (13.6s)
EXIT_CODE_2: 0
