=== Protected old-stack path diff since wave-3 (11d3cc4) ===
cd /home/muszkin/work/kivvi-click-wt/verify-wave-4-architecture && git diff --stat 11d3cc4 HEAD -- src/ templates/ assets/ translations/ migrations/ tests/e2e/specs/ 'tests/**/*.php' composer.json composer.lock symfony.lock importmap.php yarn.lock package.json Dockerfile frankenphp/ compose.yaml compose.override.yaml compose.prod.yaml phpunit.dist.xml phpstan.neon.dist .php-cs-fixer.dist.php config/ public/ bin/ .github/workflows/docker-build.yml
exit=0
(empty output above the exit line = no protected path touched)

=== Dependency-pin diff since wave-3 (backend pom.xml, frontend package.json/package-lock.json) ===
exit=0
(empty = no dependency pin drift)

=== Flyway migration diff since wave-3 ===
exit=0
migration files present:
/home/muszkin/work/kivvi-click-wt/verify-wave-4-architecture/backend/src/main/resources/db/migration/V1__baseline.sql
(empty diff above + file list unchanged since wave-3 = no Flyway drift)

=== Full changed-file list since wave-3 (11d3cc4..HEAD), confined to new-stack + tooling ===
backend/src/main/java/click/kivvi/application/DashboardViewService.java
backend/src/main/java/click/kivvi/application/ImportUploadService.java
backend/src/main/java/click/kivvi/application/ImportViewService.java
backend/src/main/java/click/kivvi/application/WidgetViewService.java
backend/src/main/java/click/kivvi/fixtures/DashboardFixtures.java
backend/src/main/java/click/kivvi/fixtures/ImportFixtures.java
backend/src/main/java/click/kivvi/fixtures/WidgetFixtures.java
backend/src/main/java/click/kivvi/infrastructure/importing/ImportUploadStorage.java
backend/src/main/java/click/kivvi/web/DashboardController.java
backend/src/main/java/click/kivvi/web/ImportController.java
backend/src/main/java/click/kivvi/web/ImportUploadController.java
backend/src/main/java/click/kivvi/web/WidgetController.java
backend/src/main/java/click/kivvi/web/dto/DashboardResponse.java
backend/src/main/java/click/kivvi/web/dto/ImportResponse.java
backend/src/main/java/click/kivvi/web/dto/WidgetEditorResponse.java
backend/src/main/java/click/kivvi/web/dto/WidgetsResponse.java
backend/src/main/resources/application.yml
backend/src/test/java/click/kivvi/DashboardApiIT.java
backend/src/test/java/click/kivvi/ImportApiIT.java
backend/src/test/java/click/kivvi/WidgetApiIT.java
backend/src/test/java/click/kivvi/application/DashboardViewServiceTest.java
backend/src/test/java/click/kivvi/application/ImportViewServiceTest.java
backend/src/test/java/click/kivvi/application/WidgetViewServiceTest.java
backend/src/test/java/click/kivvi/infrastructure/importing/ImportUploadStorageTest.java
backend/src/test/java/click/kivvi/web/DashboardControllerTest.java
backend/src/test/java/click/kivvi/web/ImportControllerTest.java
backend/src/test/java/click/kivvi/web/ImportUploadControllerTest.java
backend/src/test/java/click/kivvi/web/WidgetControllerTest.java
frontend/README.md
frontend/eslint.config.js
frontend/src/components/import/CondRule.vue
frontend/src/components/import/Consent.vue
frontend/src/components/import/Dedup.vue
frontend/src/components/import/FinalOptions.vue
frontend/src/components/import/RecentImports.vue
frontend/src/components/import/Segments.vue
frontend/src/components/import/SelectField.vue
frontend/src/components/import/StepMapping.vue
frontend/src/components/import/StepRules.vue
frontend/src/components/import/StepRun.vue
frontend/src/components/import/StepUpload.vue
frontend/src/components/import/ValidationList.vue
frontend/src/components/import/importRoute.ts
frontend/src/components/molecules/AddSlot.vue
frontend/src/components/molecules/Dropzone.vue
frontend/src/components/molecules/FilePill.vue
frontend/src/components/molecules/MapRow.vue
frontend/src/components/molecules/PositionGrid.vue
frontend/src/components/molecules/Stepper.vue
frontend/src/components/molecules/SwatchGrid.vue
frontend/src/components/molecules/TriggerRow.vue
frontend/src/components/organisms/Cardiogram.vue
frontend/src/components/organisms/ListCard.vue
frontend/src/components/organisms/PopupStage.vue
frontend/src/components/organisms/PopupWidget.vue
frontend/src/components/organisms/PwTypeList.vue
frontend/src/components/organisms/ShopMock.vue
frontend/src/i18n/messages/dashboard.en.ts
frontend/src/i18n/messages/dashboard.pl.ts
frontend/src/i18n/messages/import.en.ts
frontend/src/i18n/messages/import.pl.ts
frontend/src/i18n/messages/popups.en.ts
frontend/src/i18n/messages/popups.pl.ts
frontend/src/router/routes.ts
frontend/src/stores/shell.ts
frontend/src/views/DashboardView.vue
frontend/src/views/EmptyPageView.vue
frontend/src/views/ImportView.vue
frontend/src/views/PopupEditorView.vue
frontend/src/views/PopupsView.vue
frontend/test/integration/DashboardView.spec.ts
frontend/test/integration/ImportView.spec.ts
frontend/test/integration/PopupEditorView.spec.ts
frontend/test/integration/PopupsView.spec.ts
frontend/test/integration/shellStore.spec.ts
frontend/test/unit/Cardiogram.spec.ts
frontend/test/unit/ListCard.spec.ts
frontend/test/unit/importComponents.spec.ts
frontend/test/unit/localeHref.spec.ts
frontend/test/unit/widgetComponents.spec.ts
tools/migration-verify/compare.mjs
tools/migration-verify/deviations.json
count=82
