cwd: /home/muszkin/work/kivvi-click-wt/verify-wave-1-architecture
=== wave-1 backend package layout (scheduling in infrastructure; landing/feeds across web/application/fixtures/domain) ===
backend/src/main/java/click/kivvi/application/FeedsViewService.java
backend/src/main/java/click/kivvi/application/LandingView.java
backend/src/main/java/click/kivvi/application/LandingViewService.java
backend/src/main/java/click/kivvi/application/LoginService.java
backend/src/main/java/click/kivvi/application/PreferencesService.java
backend/src/main/java/click/kivvi/application/ShellView.java
backend/src/main/java/click/kivvi/application/ShellViewService.java
backend/src/main/java/click/kivvi/application/SpaDocumentService.java
backend/src/main/java/click/kivvi/domain/EmailValidation.java
backend/src/main/java/click/kivvi/domain/Format.java
backend/src/main/java/click/kivvi/domain/Identity.java
backend/src/main/java/click/kivvi/domain/NavigationCatalog.java
backend/src/main/java/click/kivvi/domain/RouteTable.java
backend/src/main/java/click/kivvi/domain/SidebarState.java
backend/src/main/java/click/kivvi/domain/SpaDocument.java
backend/src/main/java/click/kivvi/domain/SupportedLocale.java
backend/src/main/java/click/kivvi/domain/Theme.java
backend/src/main/java/click/kivvi/fixtures/FeedsFixtures.java
backend/src/main/java/click/kivvi/fixtures/LandingFixtures.java
backend/src/main/java/click/kivvi/fixtures/ShellFixtures.java
backend/src/main/java/click/kivvi/infrastructure/config/MessageSourceConfig.java
backend/src/main/java/click/kivvi/infrastructure/config/SchedulingConfig.java
backend/src/main/java/click/kivvi/infrastructure/IndexHtmlTemplate.java
backend/src/main/java/click/kivvi/infrastructure/NavigationLabels.java
backend/src/main/java/click/kivvi/infrastructure/scheduling/HeartbeatJob.java
backend/src/main/java/click/kivvi/infrastructure/scheduling/HeartbeatLockHistory.java
backend/src/main/java/click/kivvi/infrastructure/scheduling/HeartbeatTrigger.java
backend/src/main/java/click/kivvi/infrastructure/scheduling/JdbcHeartbeatLockHistory.java
backend/src/main/java/click/kivvi/infrastructure/SessionIdentityStore.java
backend/src/main/java/click/kivvi/infrastructure/SessionPreferencesStore.java
backend/src/main/java/click/kivvi/KivviApplication.java
backend/src/main/java/click/kivvi/web/dto/FeedsResponse.java
backend/src/main/java/click/kivvi/web/dto/SidebarResponse.java
backend/src/main/java/click/kivvi/web/dto/ThemeResponse.java
backend/src/main/java/click/kivvi/web/FeedsController.java
backend/src/main/java/click/kivvi/web/LandingController.java
backend/src/main/java/click/kivvi/web/LoginController.java
backend/src/main/java/click/kivvi/web/PreferencesController.java
backend/src/main/java/click/kivvi/web/ShellController.java
backend/src/main/java/click/kivvi/web/SpaDocumentController.java

=== new wave-1 test files ===
backend/src/test/java/click/kivvi/application/FeedsViewServiceTest.java
backend/src/test/java/click/kivvi/application/LoginServiceTest.java
backend/src/test/java/click/kivvi/application/PreferencesServiceTest.java
backend/src/test/java/click/kivvi/application/ShellViewServiceTest.java
backend/src/test/java/click/kivvi/architecture/ArchitectureTest.java
backend/src/test/java/click/kivvi/domain/EmailValidationTest.java
backend/src/test/java/click/kivvi/domain/IdentityTest.java
backend/src/test/java/click/kivvi/domain/RouteTableTest.java
backend/src/test/java/click/kivvi/domain/SpaDocumentTest.java
backend/src/test/java/click/kivvi/FeedsApiIT.java
backend/src/test/java/click/kivvi/fixtures/LandingFixturesTest.java
backend/src/test/java/click/kivvi/infrastructure/scheduling/HeartbeatJobTest.java
backend/src/test/java/click/kivvi/infrastructure/scheduling/HeartbeatSchedulerIT.java
backend/src/test/java/click/kivvi/infrastructure/scheduling/HeartbeatTriggerTest.java
backend/src/test/java/click/kivvi/LandingApiIT.java
backend/src/test/java/click/kivvi/SessionRoundTripIT.java
backend/src/test/java/click/kivvi/ShellApiIT.java
backend/src/test/java/click/kivvi/testsupport/FailOnWarnLogExtension.java
backend/src/test/java/click/kivvi/testsupport/FailOnWarnLogExtensionTest.java
backend/src/test/java/click/kivvi/web/FeedsControllerTest.java
backend/src/test/java/click/kivvi/web/LandingControllerTest.java
backend/src/test/java/click/kivvi/web/LoginControllerTest.java
backend/src/test/java/click/kivvi/web/PreferencesControllerTest.java
backend/src/test/java/click/kivvi/web/SpaDocumentControllerTest.java
