(node:2365221) Warning: Setting the NODE_TLS_REJECT_UNAUTHORIZED environment variable to '0' makes TLS connections and HTTPS requests insecure by disabling certificate verification.
(Use `node --trace-warnings ...` to show where the warning was created)
{
  "initialJsGzipBytes": {
    "value": 101990,
    "budget": 307200,
    "pass": true
  },
  "lcpMillis": {
    "value": 216,
    "budget": 2000,
    "pass": true
  },
  "ttiMillis": {
    "value": 18.09999990463257,
    "budget": 2500,
    "pass": true
  },
  "collectP95Millis": {
    "value": 6.636201999999912,
    "budget": 500,
    "pass": true
  }
}
EXIT=0
