WARNING: A terminally deprecated method in sun.misc.Unsafe has been called
WARNING: sun.misc.Unsafe::staticFieldBase has been called by com.google.inject.internal.aop.HiddenClassDefiner (file:/home/muszkin/.m2/wrapper/dists/apache-maven-3.9.11/a2d47e15/lib/guice-5.1.0-classes.jar)
WARNING: Please consider reporting this to the maintainers of class com.google.inject.internal.aop.HiddenClassDefiner
WARNING: sun.misc.Unsafe::staticFieldBase will be removed in a future release
19:41:32.007 [main] INFO org.testcontainers.images.PullPolicy -- Image pull policy will be performed by: DefaultPullPolicy()
19:41:32.010 [main] INFO org.testcontainers.utility.ImageNameSubstitutor -- Image name substitution will be performed by: DefaultImageNameSubstitutor (composite of 'ConfigurationFileImageNameSubstitutor' and 'PrefixingImageNameSubstitutor')
19:41:32.027 [main] INFO org.testcontainers.DockerClientFactory -- Testcontainers version: 2.0.5
19:41:32.135 [main] INFO org.testcontainers.dockerclient.DockerClientProviderStrategy -- Loaded org.testcontainers.dockerclient.UnixSocketClientProviderStrategy from ~/.testcontainers.properties, will try it first
19:41:32.446 [main] INFO org.testcontainers.dockerclient.DockerClientProviderStrategy -- Found Docker environment with local Unix socket (unix:///var/run/docker.sock)
19:41:32.447 [main] INFO org.testcontainers.DockerClientFactory -- Docker host IP address is localhost
19:41:32.463 [main] INFO org.testcontainers.DockerClientFactory -- Connected to docker: 
  Server Version: 29.8.0
  API Version: 1.56
  Operating System: Ubuntu 24.04.4 LTS
  Total Memory: 128182 MB
19:41:32.503 [main] INFO tc.testcontainers/ryuk:0.14.0 -- Creating container for image: testcontainers/ryuk:0.14.0
19:41:32.509 [main] INFO org.testcontainers.utility.RegistryAuthLocator -- Failure when attempting to lookup auth config. Please ignore if you don't have images in an authenticated registry. Details: (dockerImageName: testcontainers/ryuk:0.14.0, configFile: /home/muszkin/.docker/config.json, configEnv: DOCKER_AUTH_CONFIG). Falling back to docker-java default behaviour. Exception message: Status 404: No config supplied. Checked in order: /home/muszkin/.docker/config.json (file not found), DOCKER_AUTH_CONFIG (not set)
19:41:32.599 [main] INFO tc.testcontainers/ryuk:0.14.0 -- Container testcontainers/ryuk:0.14.0 is starting: 7d1e4c151f25b61910151fae6221c2c3406fe9ba6b94b85b33e8cf7bd14403aa
19:41:32.851 [main] INFO tc.testcontainers/ryuk:0.14.0 -- Container testcontainers/ryuk:0.14.0 started in PT0.348594947S
19:41:32.855 [main] INFO org.testcontainers.utility.RyukResourceReaper -- Ryuk started - will monitor and terminate Testcontainers containers on JVM exit
19:41:32.856 [main] INFO org.testcontainers.DockerClientFactory -- Checking the system...
19:41:32.856 [main] INFO org.testcontainers.DockerClientFactory -- ✔︎ Docker server version should be at least 1.6.0
19:41:32.856 [main] INFO tc.postgres:18-alpine -- Creating container for image: postgres:18-alpine
19:41:32.872 [main] INFO tc.postgres:18-alpine -- Container postgres:18-alpine is starting: c921f3f3c9183dbc8798bdb06cee40307563c3a3a635ac6d8ab71a79382e3d51
19:41:34.241 [main] INFO tc.postgres:18-alpine -- Container postgres:18-alpine started in PT1.384940194S
19:41:34.242 [main] INFO tc.postgres:18-alpine -- Container is started (JDBC URL: jdbc:postgresql://localhost:33181/test?loggerLevel=OFF)
19:41:34.316 [main] INFO org.springframework.test.context.support.AnnotationConfigContextLoaderUtils -- Could not detect default configuration classes for test class [click.kivvi.infrastructure.scheduling.HeartbeatSchedulerIT]: HeartbeatSchedulerIT does not declare any static, non-private, non-final, nested classes annotated with @Configuration.
19:41:34.403 [main] INFO org.springframework.boot.test.context.SpringBootTestContextBootstrapper -- Found @SpringBootConfiguration click.kivvi.KivviApplication for test class click.kivvi.infrastructure.scheduling.HeartbeatSchedulerIT

  .   ____          _            __ _ _
 /\\ / ___'_ __ _ _(_)_ __  __ _ \ \ \ \
( ( )\___ | '_ | '_| | '_ \/ _` | \ \ \ \
 \\/  ___)| |_)| | | | | || (_| |  ) ) ) )
  '  |____| .__|_| |_|_| |_\__, | / / / /
 =========|_|==============|___/=/_/_/_/

 :: Spring Boot ::                (v4.1.1)

2026-09-08T19:41:34.689Z  INFO 122381 --- [kivvi-click] [           main] c.k.i.scheduling.HeartbeatSchedulerIT    : Starting HeartbeatSchedulerIT using Java 25.0.4.1 with PID 122381 (started by muszkin in /home/muszkin/work/kivvi-click-wt/w1-scheduler-heartbeat/backend)
2026-09-08T19:41:34.690Z  INFO 122381 --- [kivvi-click] [           main] c.k.i.scheduling.HeartbeatSchedulerIT    : No active profile set, falling back to 1 default profile: "default"
2026-09-08T19:41:35.655Z  INFO 122381 --- [kivvi-click] [           main] o.s.boot.tomcat.TomcatWebServer          : Tomcat initialized with port 0 (http)
2026-09-08T19:41:35.667Z  INFO 122381 --- [kivvi-click] [           main] o.apache.catalina.core.StandardService   : Starting service [Tomcat]
2026-09-08T19:41:35.667Z  INFO 122381 --- [kivvi-click] [           main] o.apache.catalina.core.StandardEngine    : Starting Servlet engine: [Apache Tomcat/11.0.24]
2026-09-08T19:41:35.695Z  INFO 122381 --- [kivvi-click] [           main] b.w.c.s.WebApplicationContextInitializer : Root WebApplicationContext: initialization completed in 982 ms
2026-09-08T19:41:36.109Z  INFO 122381 --- [kivvi-click] [           main] org.flywaydb.core.FlywayExecutor         : Database: jdbc:postgresql://localhost:33181/test?loggerLevel=OFF (PostgreSQL 18.6)
2026-09-08T19:41:36.143Z  INFO 122381 --- [kivvi-click] [           main] o.f.c.i.s.JdbcTableSchemaHistory         : Schema history table "public"."flyway_schema_history" does not exist yet
2026-09-08T19:41:36.145Z  INFO 122381 --- [kivvi-click] [           main] o.f.core.internal.command.DbValidate     : Successfully validated 1 migration (execution time 00:00.009s)
2026-09-08T19:41:36.156Z  INFO 122381 --- [kivvi-click] [           main] o.f.c.i.s.JdbcTableSchemaHistory         : Creating Schema History table "public"."flyway_schema_history" ...
2026-09-08T19:41:36.197Z  INFO 122381 --- [kivvi-click] [           main] o.f.core.internal.command.DbMigrate      : Current version of schema "public": << Empty Schema >>
2026-09-08T19:41:36.205Z  INFO 122381 --- [kivvi-click] [           main] o.f.core.internal.command.DbMigrate      : Migrating schema "public" to version "1 - baseline"
2026-09-08T19:41:36.233Z  INFO 122381 --- [kivvi-click] [           main] o.f.core.internal.command.DbMigrate      : Successfully applied 1 migration to schema "public", now at version v1 (execution time 00:00.019s)
2026-09-08T19:41:36.340Z  INFO 122381 --- [kivvi-click] [           main] o.s.b.w.a.WelcomePageHandlerMapping      : Adding welcome page: class path resource [static/index.html]
2026-09-08T19:41:36.689Z  INFO 122381 --- [kivvi-click] [           main] com.zaxxer.hikari.HikariDataSource       : HikariPool-1 - Starting...
2026-09-08T19:41:36.704Z  INFO 122381 --- [kivvi-click] [           main] com.zaxxer.hikari.pool.HikariPool        : HikariPool-1 - Added connection org.postgresql.jdbc.PgConnection@609edb55
2026-09-08T19:41:36.705Z  INFO 122381 --- [kivvi-click] [           main] com.zaxxer.hikari.HikariDataSource       : HikariPool-1 - Start completed.
2026-09-08T19:41:36.738Z  INFO 122381 --- [kivvi-click] [           main] o.s.b.a.e.web.EndpointLinksResolver      : Exposing 1 endpoint beneath base path '/actuator'
2026-09-08T19:41:36.785Z  INFO 122381 --- [kivvi-click] [           main] o.s.boot.tomcat.TomcatWebServer          : Tomcat started on port 45637 (http) with context path '/'
2026-09-08T19:41:36.793Z  INFO 122381 --- [kivvi-click] [           main] c.k.i.scheduling.HeartbeatSchedulerIT    : Started HeartbeatSchedulerIT in 2.3 seconds (process running for 5.294)
OpenJDK 64-Bit Server VM warning: Sharing is only supported for boot loader classes because bootstrap classpath has been appended
[ERROR] Tests run: 1, Failures: 0, Errors: 1, Skipped: 0, Time elapsed: 15.53 s <<< FAILURE! -- in click.kivvi.infrastructure.scheduling.HeartbeatSchedulerIT
[ERROR] click.kivvi.infrastructure.scheduling.HeartbeatSchedulerIT.schedulerTicksOnceAndLockBlocksASecondAttempt -- Time elapsed: 10.48 s <<< ERROR!
org.awaitility.core.ConditionTimeoutException: 
Assertion condition defined as a Lambda expression in click.kivvi.infrastructure.scheduling.HeartbeatSchedulerIT 
Expected size: 1 but was: 0 in:
[] within 10 seconds.
	at org.awaitility.core.ConditionAwaiter.await(ConditionAwaiter.java:167)
	at org.awaitility.core.AssertionCondition.await(AssertionCondition.java:119)
	at org.awaitility.core.AssertionCondition.await(AssertionCondition.java:31)
	at org.awaitility.core.ConditionFactory.until(ConditionFactory.java:1160)
	at org.awaitility.core.ConditionFactory.untilAsserted(ConditionFactory.java:790)
	at click.kivvi.infrastructure.scheduling.HeartbeatSchedulerIT.schedulerTicksOnceAndLockBlocksASecondAttempt(HeartbeatSchedulerIT.java:78)
Caused by: java.lang.AssertionError: 
Expected size: 1 but was: 0 in:
[]
	at click.kivvi.infrastructure.scheduling.HeartbeatSchedulerIT.lambda$schedulerTicksOnceAndLockBlocksASecondAttempt$0(HeartbeatSchedulerIT.java:78)

[ERROR] Errors: 
[ERROR]   HeartbeatSchedulerIT.schedulerTicksOnceAndLockBlocksASecondAttempt:78 » ConditionTimeout Assertion condition defined as a Lambda expression in click.kivvi.infrastructure.scheduling.HeartbeatSchedulerIT 
Expected size: 1 but was: 0 in:
[] within 10 seconds.
[ERROR] Tests run: 1, Failures: 0, Errors: 1, Skipped: 0
[ERROR] Failed to execute goal org.apache.maven.plugins:maven-surefire-plugin:3.5.6:test (default-test) on project kivvi-click: 
[ERROR] 
[ERROR] See /home/muszkin/work/kivvi-click-wt/w1-scheduler-heartbeat/backend/target/surefire-reports for the individual test results.
[ERROR] See dump files (if any exist) [date].dump, [date]-jvmRun[N].dump and [date].dumpstream.
[ERROR] -> [Help 1]
[ERROR] 
[ERROR] To see the full stack trace of the errors, re-run Maven with the -e switch.
[ERROR] Re-run Maven using the -X switch to enable full debug logging.
[ERROR] 
[ERROR] For more information about the errors and possible solutions, please read the following articles:
[ERROR] [Help 1] http://cwiki.apache.org/confluence/display/MAVEN/MojoFailureException
