2026-09-08T19:38:30.137Z  INFO 1 --- [kivvi-click] [           main] org.flywaydb.core.FlywayExecutor         : Database: jdbc:postgresql://database:5432/app (PostgreSQL 18.6)
2026-09-08T19:38:30.190Z  INFO 1 --- [kivvi-click] [           main] o.f.c.i.s.JdbcTableSchemaHistory         : Schema history table "public"."flyway_schema_history" does not exist yet
2026-09-08T19:38:30.193Z  INFO 1 --- [kivvi-click] [           main] o.f.core.internal.command.DbValidate     : Successfully validated 1 migration (execution time 00:00.014s)
2026-09-08T19:38:30.207Z  INFO 1 --- [kivvi-click] [           main] o.f.c.i.s.JdbcTableSchemaHistory         : Creating Schema History table "public"."flyway_schema_history" ...
2026-09-08T19:38:30.255Z  INFO 1 --- [kivvi-click] [           main] o.f.core.internal.command.DbMigrate      : Current version of schema "public": << Empty Schema >>
2026-09-08T19:38:30.266Z  INFO 1 --- [kivvi-click] [           main] o.f.core.internal.command.DbMigrate      : Migrating schema "public" to version "1 - baseline"
2026-09-08T19:38:30.303Z  INFO 1 --- [kivvi-click] [           main] o.f.core.internal.command.DbMigrate      : Successfully applied 1 migration to schema "public", now at version v1 (execution time 00:00.024s)
2026-09-08T19:38:31.007Z  INFO 1 --- [kivvi-click] [           main] click.kivvi.KivviApplication             : Started KivviApplication in 2.972 seconds (process running for 3.298)
2026-09-08T19:38:31.036Z  INFO 1 --- [kivvi-click] [eat-scheduler-1] c.k.i.scheduling.HeartbeatJob            : Scheduler heartbeat tick.
                          Table "public.shedlock"
   Column   |            Type             | Collation | Nullable | Default 
------------+-----------------------------+-----------+----------+---------
 name       | character varying(64)       |           | not null | 
 lock_until | timestamp without time zone |           | not null | 
 locked_at  | timestamp without time zone |           | not null | 
 locked_by  | character varying(255)      |           | not null | 
Indexes:
    "shedlock_pkey" PRIMARY KEY, btree (name)

   name    |       lock_until        |        locked_at        |  locked_by   
-----------+-------------------------+-------------------------+--------------
 heartbeat | 2026-09-08 19:39:31.007 | 2026-09-08 19:38:31.026 | 0d852a7f44ba
(1 row)

