 Container kivvi-w-login-mercure-1 Stopping 
 Container kivvi-w-login-mercure-1 Stopped 
 Container kivvi-w-login-mercure-1 Removing 
 Container kivvi-w-login-mercure-1 Removed 
 Container kivvi-w-login-api-1 Stopping 
 Container kivvi-w-login-api-1 Stopped 
 Container kivvi-w-login-api-1 Removing 
 Container kivvi-w-login-api-1 Removed 
 Container kivvi-w-login-database-1 Stopping 
 Container kivvi-w-login-database-1 Stopped 
 Container kivvi-w-login-database-1 Removing 
 Container kivvi-w-login-database-1 Removed 
 Volume kivvi-w-login_mercure_data Removing 
 Volume kivvi-w-login_mercure_config Removing 
 Volume kivvi-w-login_database_data Removing 
 Network kivvi-w-login_default Removing 
 Volume kivvi-w-login_mercure_data Removed 
 Volume kivvi-w-login_mercure_config Removed 
 Volume kivvi-w-login_database_data Removed 
 Network kivvi-w-login_default Removed 

real	0m0,604s
user	0m0,043s
sys	0m0,031s
exit=0
