
> kivvi-click-frontend@0.1.0 lint
> eslint .


/home/muszkin/work/kivvi-click-wt/verify-wave-4-architecture/frontend/src/components/import/StepRun.vue
  142:38  warning  Expected 1 line break after opening tag (`<template>`), but no line breaks found    vue/multiline-html-element-content-newline
  144:39  warning  Expected 1 line break before closing tag (`</template>`), but no line breaks found  vue/multiline-html-element-content-newline

/home/muszkin/work/kivvi-click-wt/verify-wave-4-architecture/frontend/src/components/molecules/HookRow.vue
  45:22  warning  Expected 1 line break after opening tag (`<template>`), but no line breaks found    vue/multiline-html-element-content-newline
  46:19  warning  Expected 1 line break before closing tag (`</template>`), but no line breaks found  vue/multiline-html-element-content-newline

/home/muszkin/work/kivvi-click-wt/verify-wave-4-architecture/frontend/src/components/organisms/FeedCard.vue
  164:26  warning  Expected 1 line break after opening tag (`<template>`), but no line breaks found    vue/multiline-html-element-content-newline
  169:26  warning  Expected 1 line break before closing tag (`</template>`), but no line breaks found  vue/multiline-html-element-content-newline

/home/muszkin/work/kivvi-click-wt/verify-wave-4-architecture/frontend/src/components/settings/ApiTab.vue
  78:34  warning  Expected 1 line break after opening tag (`<template>`), but no line breaks found    vue/multiline-html-element-content-newline
  80:31  warning  Expected 1 line break before closing tag (`</template>`), but no line breaks found  vue/multiline-html-element-content-newline

/home/muszkin/work/kivvi-click-wt/verify-wave-4-architecture/frontend/src/views/DashboardView.vue
  224:42  warning  Expected 1 line break after opening tag (`<template>`), but no line breaks found    vue/multiline-html-element-content-newline
  224:69  warning  Expected 1 line break after opening tag (`<template>`), but no line breaks found    vue/multiline-html-element-content-newline
  226:43  warning  Expected 1 line break before closing tag (`</template>`), but no line breaks found  vue/multiline-html-element-content-newline
  228:39  warning  Expected 1 line break before closing tag (`</template>`), but no line breaks found  vue/multiline-html-element-content-newline

✖ 12 problems (0 errors, 12 warnings)
  0 errors and 12 warnings potentially fixable with the `--fix` option.

