
Running 4 tests using 4 workers

  ✓  3 [chrome] › specs/customers.spec.ts:46:9 › customers › the profile shows facts, ML scores and the activity axis (1.3s)
  ✓  2 [chrome] › specs/customers.spec.ts:7:9 › customers › lists customers with segments and money, and paginates (1.5s)
  ✓  4 [chrome] › specs/customers.spec.ts:66:9 › customers › back link returns to the index (1.5s)
  ✓  1 [chrome] › specs/customers.spec.ts:29:9 › customers › a row opens the profile it belongs to (1.6s)

  4 passed (2.5s)
{
  "config": {
    "argv": [
      "/usr/bin/node",
      "/home/muszkin/work/kivvi-click-wt/verify-wave-2-e2e/tests/e2e/node_modules/.bin/playwright",
      "test",
      "customers.spec.ts",
      "--reporter=list,json,html",
      "--output=/home/muszkin/work/kivvi-click/context/implementation-runs/2026-09-08T141500Z-spring-vue-migration/waves/wave-2/e2e/customers/test-results"
    ],
    "configFile": "/home/muszkin/work/kivvi-click-wt/verify-wave-2-e2e/tests/e2e/playwright.config.ts",
    "rootDir": "/home/muszkin/work/kivvi-click-wt/verify-wave-2-e2e/tests/e2e/specs",
    "failOnFlakyTests": false,
    "forbidOnly": false,
    "fullyParallel": true,
    "globalSetup": null,
    "globalTeardown": null,
    "globalTimeout": 0,
    "grep": {},
    "grepInvert": null,
    "maxFailures": 0,
    "metadata": {
      "actualWorkers": 4
    },
    "preserveOutput": "always",
    "projects": [
      {
        "outputDir": "/home/muszkin/work/kivvi-click/context/implementation-runs/2026-09-08T141500Z-spring-vue-migration/waves/wave-2/e2e/customers/test-results",
        "repeatEach": 1,
        "retries": 0,
        "metadata": {
          "actualWorkers": 4
        },
        "id": "chrome",
        "name": "chrome",
        "testDir": "/home/muszkin/work/kivvi-click-wt/verify-wave-2-e2e/tests/e2e/specs",
        "testIgnore": [],
        "testMatch": [
          "**/*.@(spec|test).?(c|m)[jt]s?(x)"
        ],
        "timeout": 30000
      }
    ],
    "quiet": false,
    "reporter": [
      [
        "list"
      ],
      [
        "json"
      ],
      [
        "html"
      ]
    ],
    "reportSlowTests": {
      "max": 5,
      "threshold": 300000
    },
    "shard": null,
    "tags": [],
    "updateSnapshots": "missing",
    "updateSourceMethod": "patch",
    "version": "1.62.1",
    "workers": 8,
    "webServer": null
  },
  "suites": [
    {
      "title": "customers.spec.ts",
      "file": "customers.spec.ts",
      "column": 0,
      "line": 0,
      "specs": [],
      "suites": [
        {
          "title": "customers",
          "file": "customers.spec.ts",
          "line": 6,
          "column": 6,
          "specs": [
            {
              "title": "lists customers with segments and money, and paginates",
              "ok": true,
              "tags": [],
              "tests": [
                {
                  "timeout": 30000,
                  "annotations": [],
                  "expectedStatus": "passed",
                  "projectId": "chrome",
                  "projectName": "chrome",
                  "results": [
                    {
                      "workerIndex": 0,
                      "parallelIndex": 0,
                      "status": "passed",
                      "duration": 1477,
                      "errors": [],
                      "stdout": [],
                      "stderr": [],
                      "retry": 0,
                      "startTime": "2026-09-08T22:04:08.615Z",
                      "annotations": [],
                      "attachments": []
                    }
                  ],
                  "status": "expected"
                }
              ],
              "id": "c79134c03d523b7bf7b3-3c0ed4bbf4ec5c950b20",
              "file": "customers.spec.ts",
              "line": 7,
              "column": 9
            },
            {
              "title": "a row opens the profile it belongs to",
              "ok": true,
              "tags": [],
              "tests": [
                {
                  "timeout": 30000,
                  "annotations": [],
                  "expectedStatus": "passed",
                  "projectId": "chrome",
                  "projectName": "chrome",
                  "results": [
                    {
                      "workerIndex": 1,
                      "parallelIndex": 1,
                      "status": "passed",
                      "duration": 1583,
                      "errors": [],
                      "stdout": [],
                      "stderr": [],
                      "retry": 0,
                      "startTime": "2026-09-08T22:04:08.614Z",
                      "annotations": [],
                      "attachments": []
                    }
                  ],
                  "status": "expected"
                }
              ],
              "id": "c79134c03d523b7bf7b3-407971506e5cf658dd81",
              "file": "customers.spec.ts",
              "line": 29,
              "column": 9
            },
            {
              "title": "the profile shows facts, ML scores and the activity axis",
              "ok": true,
              "tags": [],
              "tests": [
                {
                  "timeout": 30000,
                  "annotations": [],
                  "expectedStatus": "passed",
                  "projectId": "chrome",
                  "projectName": "chrome",
                  "results": [
                    {
                      "workerIndex": 2,
                      "parallelIndex": 2,
                      "status": "passed",
                      "duration": 1255,
                      "errors": [],
                      "stdout": [],
                      "stderr": [],
                      "retry": 0,
                      "startTime": "2026-09-08T22:04:08.635Z",
                      "annotations": [],
                      "attachments": []
                    }
                  ],
                  "status": "expected"
                }
              ],
              "id": "c79134c03d523b7bf7b3-630b434c7c3b268ee99c",
              "file": "customers.spec.ts",
              "line": 46,
              "column": 9
            },
            {
              "title": "back link returns to the index",
              "ok": true,
              "tags": [],
              "tests": [
                {
                  "timeout": 30000,
                  "annotations": [],
                  "expectedStatus": "passed",
                  "projectId": "chrome",
                  "projectName": "chrome",
                  "results": [
                    {
                      "workerIndex": 3,
                      "parallelIndex": 3,
                      "status": "passed",
                      "duration": 1465,
                      "errors": [],
                      "stdout": [],
                      "stderr": [],
                      "retry": 0,
                      "startTime": "2026-09-08T22:04:08.647Z",
                      "annotations": [],
                      "attachments": []
                    }
                  ],
                  "status": "expected"
                }
              ],
              "id": "c79134c03d523b7bf7b3-06dc92333255ddca839d",
              "file": "customers.spec.ts",
              "line": 66,
              "column": 9
            }
          ]
        }
      ]
    }
  ],
  "errors": [],
  "stats": {
    "startTime": "2026-09-08T22:04:08.075Z",
    "duration": 2515.635,
    "expected": 4,
    "skipped": 0,
    "unexpected": 0,
    "flaky": 0
  }
}
