
Running 14 tests using 1 worker

  ✓   1 [chrome] › specs/navigation.spec.ts:26:13 › app shell › sidebar entry "dashboard" opens its page (548ms)
  ✓   2 [chrome] › specs/navigation.spec.ts:26:13 › app shell › sidebar entry "events" opens its page (569ms)
  ✓   3 [chrome] › specs/navigation.spec.ts:26:13 › app shell › sidebar entry "customers" opens its page (538ms)
  ✓   4 [chrome] › specs/navigation.spec.ts:26:13 › app shell › sidebar entry "automations" opens its page (510ms)
  ✓   5 [chrome] › specs/navigation.spec.ts:26:13 › app shell › sidebar entry "campaigns" opens its page (504ms)
  ✓   6 [chrome] › specs/navigation.spec.ts:26:13 › app shell › sidebar entry "popups" opens its page (535ms)
  ✓   7 [chrome] › specs/navigation.spec.ts:26:13 › app shell › sidebar entry "feeds" opens its page (552ms)
  ✓   8 [chrome] › specs/navigation.spec.ts:26:13 › app shell › sidebar entry "import" opens its page (537ms)
  ✓   9 [chrome] › specs/navigation.spec.ts:26:13 › app shell › sidebar entry "settings" opens its page (587ms)
  ✓  10 [chrome] › specs/navigation.spec.ts:46:9 › app shell › only .main-scroll scrolls, never the window (398ms)
  ✘  11 [chrome] › specs/navigation.spec.ts:63:9 › app shell › sidebar collapse survives a reload (5.7s)
  ✓  12 [chrome] › specs/navigation.spec.ts:89:9 › app shell › theme toggle survives a reload (649ms)
  ✓  13 [chrome] › specs/navigation.spec.ts:115:9 › app shell › locale switch keeps the current page (552ms)
  ✓  14 [chrome] › specs/navigation.spec.ts:125:9 › app shell › breadcrumb names the current section (392ms)


  1) [chrome] › specs/navigation.spec.ts:63:9 › app shell › sidebar collapse survives a reload ─────

    Error: expect(locator).toHaveAttribute(expected) failed

    Locator:  locator('.app')
    Expected: "collapsed"
    Received: "expanded"
    Timeout:  5000ms

    Call log:
      - Expect "toHaveAttribute" with timeout 5000ms
      - waiting for locator('.app')
        14 × locator resolved to <div class="app" data-sidebar="expanded" data-controller="shell">…</div>
           - unexpected value "expanded"


      75 |
      76 |         await page.reload();
    > 77 |         await expect(page.locator(".app")).toHaveAttribute(
         |                                            ^
      78 |             "data-sidebar",
      79 |             "collapsed",
      80 |         );
        at /home/muszkin/work/kivvi-click-wt/verify-wave-4-e2e/tests/e2e/specs/navigation.spec.ts:77:44

    attachment #1: screenshot (image/png) ──────────────────────────────────────────────────────────
    test-results/navigation-app-shell-sidebar-collapse-survives-a-reload-chrome/test-failed-1.png
    ────────────────────────────────────────────────────────────────────────────────────────────────

    Error Context: test-results/navigation-app-shell-sidebar-collapse-survives-a-reload-chrome/error-context.md

    attachment #3: trace (application/zip) ─────────────────────────────────────────────────────────
    test-results/navigation-app-shell-sidebar-collapse-survives-a-reload-chrome/trace.zip
    Usage:

        npx playwright show-trace test-results/navigation-app-shell-sidebar-collapse-survives-a-reload-chrome/trace.zip

    ────────────────────────────────────────────────────────────────────────────────────────────────

  1 failed
    [chrome] › specs/navigation.spec.ts:63:9 › app shell › sidebar collapse survives a reload ──────
  13 passed (13.8s)
