
Running 14 tests using 1 worker

  ✓   1 [chrome] › specs/navigation.spec.ts:26:13 › app shell › sidebar entry "dashboard" opens its page (592ms)
  ✓   2 [chrome] › specs/navigation.spec.ts:26:13 › app shell › sidebar entry "events" opens its page (557ms)
  ✓   3 [chrome] › specs/navigation.spec.ts:26:13 › app shell › sidebar entry "customers" opens its page (537ms)
  ✓   4 [chrome] › specs/navigation.spec.ts:26:13 › app shell › sidebar entry "automations" opens its page (525ms)
  ✓   5 [chrome] › specs/navigation.spec.ts:26:13 › app shell › sidebar entry "campaigns" opens its page (522ms)
  ✓   6 [chrome] › specs/navigation.spec.ts:26:13 › app shell › sidebar entry "popups" opens its page (534ms)
  ✓   7 [chrome] › specs/navigation.spec.ts:26:13 › app shell › sidebar entry "feeds" opens its page (536ms)
  ✓   8 [chrome] › specs/navigation.spec.ts:26:13 › app shell › sidebar entry "import" opens its page (544ms)
  ✓   9 [chrome] › specs/navigation.spec.ts:26:13 › app shell › sidebar entry "settings" opens its page (545ms)
  ✓  10 [chrome] › specs/navigation.spec.ts:46:9 › app shell › only .main-scroll scrolls, never the window (386ms)
  ✓  11 [chrome] › specs/navigation.spec.ts:63:9 › app shell › sidebar collapse survives a reload (610ms)
  ✘  12 [chrome] › specs/navigation.spec.ts:89:9 › app shell › theme toggle survives a reload (5.6s)
  ✓  13 [chrome] › specs/navigation.spec.ts:115:9 › app shell › locale switch keeps the current page (564ms)
  ✓  14 [chrome] › specs/navigation.spec.ts:125:9 › app shell › breadcrumb names the current section (387ms)


  1) [chrome] › specs/navigation.spec.ts:89:9 › app shell › theme toggle survives a reload ─────────

    Error: expect(locator).toHaveAttribute(expected) failed

    Locator:  locator('html')
    Expected: "dark"
    Received: "light"
    Timeout:  5000ms

    Call log:
      - Expect "toHaveAttribute" with timeout 5000ms
      - waiting for locator('html')
        14 × locator resolved to <html lang="pl" data-theme="light" data-sidebar="expanded">…</html>
           - unexpected value "light"


      101 |
      102 |         await page.reload();
    > 103 |         await expect(page.locator("html")).toHaveAttribute(
          |                                            ^
      104 |             "data-theme",
      105 |             "dark",
      106 |         );
        at /home/muszkin/work/kivvi-click-wt/verify-wave-4-e2e/tests/e2e/specs/navigation.spec.ts:103:44

    attachment #1: screenshot (image/png) ──────────────────────────────────────────────────────────
    test-results/navigation-app-shell-theme-toggle-survives-a-reload-chrome/test-failed-1.png
    ────────────────────────────────────────────────────────────────────────────────────────────────

    Error Context: test-results/navigation-app-shell-theme-toggle-survives-a-reload-chrome/error-context.md

    attachment #3: trace (application/zip) ─────────────────────────────────────────────────────────
    test-results/navigation-app-shell-theme-toggle-survives-a-reload-chrome/trace.zip
    Usage:

        npx playwright show-trace test-results/navigation-app-shell-theme-toggle-survives-a-reload-chrome/trace.zip

    ────────────────────────────────────────────────────────────────────────────────────────────────

  1 failed
    [chrome] › specs/navigation.spec.ts:89:9 › app shell › theme toggle survives a reload ──────────
  13 passed (13.7s)
