(node:356125) Warning: Setting the NODE_TLS_REJECT_UNAUTHORIZED environment variable to '0' makes TLS connections and HTTPS requests insecure by disabling certificate verification.
(Use `node --trace-warnings ...` to show where the warning was created)
{
  "initialJsGzipBytes": {
    "value": 101976,
    "budget": 307200,
    "pass": true
  },
  "lcpMillis": {
    "value": 160,
    "budget": 2000,
    "pass": true
  },
  "ttiMillis": {
    "value": 14.199999809265137,
    "budget": 2500,
    "pass": true
  },
  "collectP95Millis": {
    "value": 5.746996999999965,
    "budget": 500,
    "pass": true
  }
}
