(node:3161283) Warning: Setting the NODE_TLS_REJECT_UNAUTHORIZED environment variable to '0' makes TLS connections and HTTPS requests insecure by disabling certificate verification.
(Use `node --trace-warnings ...` to show where the warning was created)
{
  "initialJsGzipBytes": {
    "value": 88682,
    "budget": 307200,
    "pass": true
  },
  "lcpMillis": {
    "value": 176,
    "budget": 2000,
    "pass": true
  },
  "ttiMillis": {
    "value": 22.300000190734863,
    "budget": 2500,
    "pass": true
  },
  "collectP95Millis": {
    "value": 7.071938000000046,
    "budget": 500,
    "pass": true
  }
}
