
Running 14 tests using 8 workers

  ✓   2 [chrome] › specs/navigation.spec.ts:26:13 › app shell › sidebar entry "dashboard" opens its page (2.1s)
  ✓   6 [chrome] › specs/navigation.spec.ts:26:13 › app shell › sidebar entry "customers" opens its page (2.0s)
  ✓   4 [chrome] › specs/navigation.spec.ts:26:13 › app shell › sidebar entry "events" opens its page (2.1s)
  ✓   1 [chrome] › specs/navigation.spec.ts:26:13 › app shell › sidebar entry "feeds" opens its page (2.1s)
  ✓  10 [chrome] › specs/navigation.spec.ts:46:9 › app shell › only .main-scroll scrolls, never the window (1.0s)
  ✓  11 [chrome] › specs/navigation.spec.ts:63:9 › app shell › sidebar collapse survives a reload (1.3s)
  ✓  12 [chrome] › specs/navigation.spec.ts:89:9 › app shell › theme toggle survives a reload (1.3s)
  ✓  13 [chrome] › specs/navigation.spec.ts:115:9 › app shell › locale switch keeps the current page (882ms)
  ✓  14 [chrome] › specs/navigation.spec.ts:125:9 › app shell › breadcrumb names the current section (645ms)
  ✘   3 [chrome] › specs/navigation.spec.ts:26:13 › app shell › sidebar entry "popups" opens its page (6.8s)
  ✘   5 [chrome] › specs/navigation.spec.ts:26:13 › app shell › sidebar entry "automations" opens its page (6.7s)
  ✘   7 [chrome] › specs/navigation.spec.ts:26:13 › app shell › sidebar entry "campaigns" opens its page (6.9s)
  ✘   8 [chrome] › specs/navigation.spec.ts:26:13 › app shell › sidebar entry "import" opens its page (6.9s)
  ✘   9 [chrome] › specs/navigation.spec.ts:26:13 › app shell › sidebar entry "settings" opens its page (6.0s)


  1) [chrome] › specs/navigation.spec.ts:26:13 › app shell › sidebar entry "automations" opens its page 

    Error: expect(locator).toContainText(expected) failed

    Locator: locator('.page-title')
    Expected substring: "Reguły i automatyzacje"
    Timeout: 5000ms
    Error: element(s) not found

    Call log:
      - Expect "toContainText" with timeout 5000ms
      - waiting for locator('.page-title')


      35 |                 new RegExp(`${section.url.replace(/\//g, "\\/")}`),
      36 |             );
    > 37 |             await expect(page.locator(".page-title")).toContainText(
         |                                                       ^
      38 |                 section.title,
      39 |             );
      40 |             await expect(
        at /home/muszkin/work/kivvi-click-wt/verify-wave-2-e2e/tests/e2e/specs/navigation.spec.ts:37:55

    attachment #1: screenshot (image/png) ──────────────────────────────────────────────────────────
    test-results/navigation-app-shell-sideb-f2f1e--automations-opens-its-page-chrome/test-failed-1.png
    ────────────────────────────────────────────────────────────────────────────────────────────────

    Error Context: test-results/navigation-app-shell-sideb-f2f1e--automations-opens-its-page-chrome/error-context.md

    attachment #3: trace (application/zip) ─────────────────────────────────────────────────────────
    test-results/navigation-app-shell-sideb-f2f1e--automations-opens-its-page-chrome/trace.zip
    Usage:

        npx playwright show-trace test-results/navigation-app-shell-sideb-f2f1e--automations-opens-its-page-chrome/trace.zip

    ────────────────────────────────────────────────────────────────────────────────────────────────

  2) [chrome] › specs/navigation.spec.ts:26:13 › app shell › sidebar entry "campaigns" opens its page 

    Error: expect(locator).toContainText(expected) failed

    Locator: locator('.page-title')
    Expected substring: "Kampanie email"
    Timeout: 5000ms
    Error: element(s) not found

    Call log:
      - Expect "toContainText" with timeout 5000ms
      - waiting for locator('.page-title')


      35 |                 new RegExp(`${section.url.replace(/\//g, "\\/")}`),
      36 |             );
    > 37 |             await expect(page.locator(".page-title")).toContainText(
         |                                                       ^
      38 |                 section.title,
      39 |             );
      40 |             await expect(
        at /home/muszkin/work/kivvi-click-wt/verify-wave-2-e2e/tests/e2e/specs/navigation.spec.ts:37:55

    attachment #1: screenshot (image/png) ──────────────────────────────────────────────────────────
    test-results/navigation-app-shell-sidebar-entry-campaigns-opens-its-page-chrome/test-failed-1.png
    ────────────────────────────────────────────────────────────────────────────────────────────────

    Error Context: test-results/navigation-app-shell-sidebar-entry-campaigns-opens-its-page-chrome/error-context.md

    attachment #3: trace (application/zip) ─────────────────────────────────────────────────────────
    test-results/navigation-app-shell-sidebar-entry-campaigns-opens-its-page-chrome/trace.zip
    Usage:

        npx playwright show-trace test-results/navigation-app-shell-sidebar-entry-campaigns-opens-its-page-chrome/trace.zip

    ────────────────────────────────────────────────────────────────────────────────────────────────

  3) [chrome] › specs/navigation.spec.ts:26:13 › app shell › sidebar entry "popups" opens its page ─

    Error: expect(locator).toContainText(expected) failed

    Locator: locator('.page-title')
    Expected substring: "Popupy i widgety"
    Timeout: 5000ms
    Error: element(s) not found

    Call log:
      - Expect "toContainText" with timeout 5000ms
      - waiting for locator('.page-title')


      35 |                 new RegExp(`${section.url.replace(/\//g, "\\/")}`),
      36 |             );
    > 37 |             await expect(page.locator(".page-title")).toContainText(
         |                                                       ^
      38 |                 section.title,
      39 |             );
      40 |             await expect(
        at /home/muszkin/work/kivvi-click-wt/verify-wave-2-e2e/tests/e2e/specs/navigation.spec.ts:37:55

    attachment #1: screenshot (image/png) ──────────────────────────────────────────────────────────
    test-results/navigation-app-shell-sidebar-entry-popups-opens-its-page-chrome/test-failed-1.png
    ────────────────────────────────────────────────────────────────────────────────────────────────

    Error Context: test-results/navigation-app-shell-sidebar-entry-popups-opens-its-page-chrome/error-context.md

    attachment #3: trace (application/zip) ─────────────────────────────────────────────────────────
    test-results/navigation-app-shell-sidebar-entry-popups-opens-its-page-chrome/trace.zip
    Usage:

        npx playwright show-trace test-results/navigation-app-shell-sidebar-entry-popups-opens-its-page-chrome/trace.zip

    ────────────────────────────────────────────────────────────────────────────────────────────────

  4) [chrome] › specs/navigation.spec.ts:26:13 › app shell › sidebar entry "import" opens its page ─

    Error: expect(locator).toContainText(expected) failed

    Locator: locator('.page-title')
    Expected substring: "Import klientów"
    Timeout: 5000ms
    Error: element(s) not found

    Call log:
      - Expect "toContainText" with timeout 5000ms
      - waiting for locator('.page-title')


      35 |                 new RegExp(`${section.url.replace(/\//g, "\\/")}`),
      36 |             );
    > 37 |             await expect(page.locator(".page-title")).toContainText(
         |                                                       ^
      38 |                 section.title,
      39 |             );
      40 |             await expect(
        at /home/muszkin/work/kivvi-click-wt/verify-wave-2-e2e/tests/e2e/specs/navigation.spec.ts:37:55

    attachment #1: screenshot (image/png) ──────────────────────────────────────────────────────────
    test-results/navigation-app-shell-sidebar-entry-import-opens-its-page-chrome/test-failed-1.png
    ────────────────────────────────────────────────────────────────────────────────────────────────

    Error Context: test-results/navigation-app-shell-sidebar-entry-import-opens-its-page-chrome/error-context.md

    attachment #3: trace (application/zip) ─────────────────────────────────────────────────────────
    test-results/navigation-app-shell-sidebar-entry-import-opens-its-page-chrome/trace.zip
    Usage:

        npx playwright show-trace test-results/navigation-app-shell-sidebar-entry-import-opens-its-page-chrome/trace.zip

    ────────────────────────────────────────────────────────────────────────────────────────────────

  5) [chrome] › specs/navigation.spec.ts:26:13 › app shell › sidebar entry "settings" opens its page 

    Error: expect(locator).toContainText(expected) failed

    Locator: locator('.page-title')
    Expected substring: "Ustawienia"
    Timeout: 5000ms
    Error: element(s) not found

    Call log:
      - Expect "toContainText" with timeout 5000ms
      - waiting for locator('.page-title')


      35 |                 new RegExp(`${section.url.replace(/\//g, "\\/")}`),
      36 |             );
    > 37 |             await expect(page.locator(".page-title")).toContainText(
         |                                                       ^
      38 |                 section.title,
      39 |             );
      40 |             await expect(
        at /home/muszkin/work/kivvi-click-wt/verify-wave-2-e2e/tests/e2e/specs/navigation.spec.ts:37:55

    attachment #1: screenshot (image/png) ──────────────────────────────────────────────────────────
    test-results/navigation-app-shell-sidebar-entry-settings-opens-its-page-chrome/test-failed-1.png
    ────────────────────────────────────────────────────────────────────────────────────────────────

    Error Context: test-results/navigation-app-shell-sidebar-entry-settings-opens-its-page-chrome/error-context.md

    attachment #3: trace (application/zip) ─────────────────────────────────────────────────────────
    test-results/navigation-app-shell-sidebar-entry-settings-opens-its-page-chrome/trace.zip
    Usage:

        npx playwright show-trace test-results/navigation-app-shell-sidebar-entry-settings-opens-its-page-chrome/trace.zip

    ────────────────────────────────────────────────────────────────────────────────────────────────

  5 failed
    [chrome] › specs/navigation.spec.ts:26:13 › app shell › sidebar entry "automations" opens its page 
    [chrome] › specs/navigation.spec.ts:26:13 › app shell › sidebar entry "campaigns" opens its page 
    [chrome] › specs/navigation.spec.ts:26:13 › app shell › sidebar entry "popups" opens its page ──
    [chrome] › specs/navigation.spec.ts:26:13 › app shell › sidebar entry "import" opens its page ──
    [chrome] › specs/navigation.spec.ts:26:13 › app shell › sidebar entry "settings" opens its page 
  9 passed (9.4s)
