(node:1245344) Warning: Setting the NODE_TLS_REJECT_UNAUTHORIZED environment variable to '0' makes TLS connections and HTTPS requests insecure by disabling certificate verification.
(Use `node --trace-warnings ...` to show where the warning was created)
{
  "initialJsGzipBytes": {
    "value": 73403,
    "budget": 307200,
    "pass": true
  },
  "lcpMillis": {
    "value": 220,
    "budget": 2000,
    "pass": true
  },
  "ttiMillis": {
    "value": 24,
    "budget": 2500,
    "pass": true
  },
  "collectP95Millis": {
    "value": 23.916840999999977,
    "budget": 500,
    "pass": true
  }
}
