WARNING: A terminally deprecated method in sun.misc.Unsafe has been called
WARNING: sun.misc.Unsafe::staticFieldBase has been called by com.google.inject.internal.aop.HiddenClassDefiner (file:/home/muszkin/.m2/wrapper/dists/apache-maven-3.9.11/a2d47e15/lib/guice-5.1.0-classes.jar)
WARNING: Please consider reporting this to the maintainers of class com.google.inject.internal.aop.HiddenClassDefiner
WARNING: sun.misc.Unsafe::staticFieldBase will be removed in a future release
04:19:47.179 [main] INFO org.testcontainers.images.PullPolicy -- Image pull policy will be performed by: DefaultPullPolicy()
04:19:47.182 [main] INFO org.testcontainers.utility.ImageNameSubstitutor -- Image name substitution will be performed by: DefaultImageNameSubstitutor (composite of 'ConfigurationFileImageNameSubstitutor' and 'PrefixingImageNameSubstitutor')
04:19:47.198 [main] INFO org.testcontainers.DockerClientFactory -- Testcontainers version: 2.0.5
04:19:47.315 [main] INFO org.testcontainers.dockerclient.DockerClientProviderStrategy -- Loaded org.testcontainers.dockerclient.UnixSocketClientProviderStrategy from ~/.testcontainers.properties, will try it first
04:19:47.604 [main] INFO org.testcontainers.dockerclient.DockerClientProviderStrategy -- Found Docker environment with local Unix socket (unix:///var/run/docker.sock)
04:19:47.609 [main] INFO org.testcontainers.DockerClientFactory -- Docker host IP address is localhost
04:19:47.622 [main] INFO org.testcontainers.DockerClientFactory -- Connected to docker: 
  Server Version: 29.8.0
  API Version: 1.56
  Operating System: Ubuntu 24.04.4 LTS
  Total Memory: 128182 MB
04:19:47.653 [main] INFO tc.testcontainers/ryuk:0.14.0 -- Creating container for image: testcontainers/ryuk:0.14.0
04:19:47.657 [main] INFO org.testcontainers.utility.RegistryAuthLocator -- Failure when attempting to lookup auth config. Please ignore if you don't have images in an authenticated registry. Details: (dockerImageName: testcontainers/ryuk:0.14.0, configFile: /home/muszkin/.docker/config.json, configEnv: DOCKER_AUTH_CONFIG). Falling back to docker-java default behaviour. Exception message: Status 404: No config supplied. Checked in order: /home/muszkin/.docker/config.json (file not found), DOCKER_AUTH_CONFIG (not set)
04:19:47.726 [main] INFO tc.testcontainers/ryuk:0.14.0 -- Container testcontainers/ryuk:0.14.0 is starting: bb2a6d6102041c405bdc6ff942f9a6e4f863bd6498fce0908956c06d1fa4b5bb
04:19:47.980 [main] INFO tc.testcontainers/ryuk:0.14.0 -- Container testcontainers/ryuk:0.14.0 started in PT0.3273141S
04:19:47.984 [main] INFO org.testcontainers.utility.RyukResourceReaper -- Ryuk started - will monitor and terminate Testcontainers containers on JVM exit
04:19:47.984 [main] INFO org.testcontainers.DockerClientFactory -- Checking the system...
04:19:47.985 [main] INFO org.testcontainers.DockerClientFactory -- ✔︎ Docker server version should be at least 1.6.0
04:19:47.985 [main] INFO tc.postgres:18-alpine -- Creating container for image: postgres:18-alpine
04:19:48.000 [main] INFO tc.postgres:18-alpine -- Container postgres:18-alpine is starting: 4da8cf04a3e7d7cc982451229f54ddecd3af76ae9cb0e5840bd70ad96064e1f8
04:19:49.323 [main] INFO tc.postgres:18-alpine -- Container postgres:18-alpine started in PT1.338268365S
04:19:49.324 [main] INFO tc.postgres:18-alpine -- Container is started (JDBC URL: jdbc:postgresql://localhost:34218/test?loggerLevel=OFF)
04:19:49.395 [main] INFO org.springframework.test.context.support.AnnotationConfigContextLoaderUtils -- Could not detect default configuration classes for test class [click.kivvi.SessionRequestSerializationRedProofIT]: SessionRequestSerializationRedProofIT does not declare any static, non-private, non-final, nested classes annotated with @Configuration.
04:19:49.489 [main] INFO org.springframework.boot.test.context.SpringBootTestContextBootstrapper -- Found @SpringBootConfiguration click.kivvi.KivviApplication for test class click.kivvi.SessionRequestSerializationRedProofIT
04:19:49.535 [main] INFO org.springframework.test.context.support.AnnotationConfigContextLoaderUtils -- Could not detect default configuration classes for test class [click.kivvi.SessionRequestSerializationRedProofIT]: SessionRequestSerializationRedProofIT does not declare any static, non-private, non-final, nested classes annotated with @Configuration.
04:19:49.540 [main] INFO org.springframework.boot.test.context.SpringBootTestContextBootstrapper -- Found @SpringBootConfiguration click.kivvi.KivviApplication for test class click.kivvi.SessionRequestSerializationRedProofIT

  .   ____          _            __ _ _
 /\\ / ___'_ __ _ _(_)_ __  __ _ \ \ \ \
( ( )\___ | '_ | '_| | '_ \/ _` | \ \ \ \
 \\/  ___)| |_)| | | | | || (_| |  ) ) ) )
  '  |____| .__|_| |_|_| |_\__, | / / / /
 =========|_|==============|___/=/_/_/_/

 :: Spring Boot ::                (v4.1.1)

2026-09-09T04:19:49.787Z  INFO 3287336 --- [kivvi-click] [           main] .k.SessionRequestSerializationRedProofIT : Starting SessionRequestSerializationRedProofIT using Java 25.0.4.1 with PID 3287336 (started by muszkin in /home/muszkin/work/kivvi-click-wt/w3-shell-preferences-r1/backend)
2026-09-09T04:19:49.788Z  INFO 3287336 --- [kivvi-click] [           main] .k.SessionRequestSerializationRedProofIT : No active profile set, falling back to 1 default profile: "default"
2026-09-09T04:19:50.894Z  INFO 3287336 --- [kivvi-click] [           main] o.s.boot.tomcat.TomcatWebServer          : Tomcat initialized with port 0 (http)
2026-09-09T04:19:50.908Z  INFO 3287336 --- [kivvi-click] [           main] o.apache.catalina.core.StandardService   : Starting service [Tomcat]
2026-09-09T04:19:50.908Z  INFO 3287336 --- [kivvi-click] [           main] o.apache.catalina.core.StandardEngine    : Starting Servlet engine: [Apache Tomcat/11.0.24]
2026-09-09T04:19:50.939Z  INFO 3287336 --- [kivvi-click] [           main] b.w.c.s.WebApplicationContextInitializer : Root WebApplicationContext: initialization completed in 1133 ms
2026-09-09T04:19:51.343Z  INFO 3287336 --- [kivvi-click] [           main] org.flywaydb.core.FlywayExecutor         : Database: jdbc:postgresql://localhost:34218/test?loggerLevel=OFF (PostgreSQL 18.6)
2026-09-09T04:19:51.380Z  INFO 3287336 --- [kivvi-click] [           main] o.f.c.i.s.JdbcTableSchemaHistory         : Schema history table "public"."flyway_schema_history" does not exist yet
2026-09-09T04:19:51.383Z  INFO 3287336 --- [kivvi-click] [           main] o.f.core.internal.command.DbValidate     : Successfully validated 1 migration (execution time 00:00.010s)
2026-09-09T04:19:51.393Z  INFO 3287336 --- [kivvi-click] [           main] o.f.c.i.s.JdbcTableSchemaHistory         : Creating Schema History table "public"."flyway_schema_history" ...
2026-09-09T04:19:51.435Z  INFO 3287336 --- [kivvi-click] [           main] o.f.core.internal.command.DbMigrate      : Current version of schema "public": << Empty Schema >>
2026-09-09T04:19:51.444Z  INFO 3287336 --- [kivvi-click] [           main] o.f.core.internal.command.DbMigrate      : Migrating schema "public" to version "1 - baseline"
2026-09-09T04:19:51.470Z  INFO 3287336 --- [kivvi-click] [           main] o.f.core.internal.command.DbMigrate      : Successfully applied 1 migration to schema "public", now at version v1 (execution time 00:00.018s)
2026-09-09T04:19:51.631Z  INFO 3287336 --- [kivvi-click] [           main] o.s.b.w.a.WelcomePageHandlerMapping      : Adding welcome page: class path resource [static/index.html]
2026-09-09T04:19:52.070Z  INFO 3287336 --- [kivvi-click] [           main] com.zaxxer.hikari.HikariDataSource       : HikariPool-1 - Starting...
2026-09-09T04:19:52.087Z  INFO 3287336 --- [kivvi-click] [           main] com.zaxxer.hikari.pool.HikariPool        : HikariPool-1 - Added connection org.postgresql.jdbc.PgConnection@1e9d6c78
2026-09-09T04:19:52.089Z  INFO 3287336 --- [kivvi-click] [           main] com.zaxxer.hikari.HikariDataSource       : HikariPool-1 - Start completed.
2026-09-09T04:19:52.131Z  INFO 3287336 --- [kivvi-click] [           main] o.s.b.a.e.web.EndpointLinksResolver      : Exposing 1 endpoint beneath base path '/actuator'
2026-09-09T04:19:52.186Z  INFO 3287336 --- [kivvi-click] [           main] o.s.boot.tomcat.TomcatWebServer          : Tomcat started on port 40491 (http) with context path '/'
2026-09-09T04:19:52.205Z  INFO 3287336 --- [kivvi-click] [           main] .k.SessionRequestSerializationRedProofIT : Started SessionRequestSerializationRedProofIT in 2.626 seconds (process running for 5.541)
2026-09-09T04:19:52.220Z  INFO 3287336 --- [kivvi-click] [eat-scheduler-1] c.k.i.scheduling.HeartbeatJob            : Scheduler heartbeat tick.
2026-09-09T04:19:52.233Z  INFO 3287336 --- [kivvi-click] [eat-scheduler-1] c.k.i.tracking.EventDedupCleanupJob      : Event dedup cleanup removed 0 expired row(s).
OpenJDK 64-Bit Server VM warning: Sharing is only supported for boot loader classes because bootstrap classpath has been appended
2026-09-09T04:19:52.727Z  INFO 3287336 --- [kivvi-click] [o-auto-1-exec-1] o.a.c.c.C.[Tomcat].[localhost].[/]       : Initializing Spring DispatcherServlet 'dispatcherServlet'
2026-09-09T04:19:52.728Z  INFO 3287336 --- [kivvi-click] [o-auto-1-exec-1] o.s.web.servlet.DispatcherServlet        : Initializing Servlet 'dispatcherServlet'
2026-09-09T04:19:52.729Z  INFO 3287336 --- [kivvi-click] [o-auto-1-exec-1] o.s.web.servlet.DispatcherServlet        : Completed initialization in 1 ms
[ERROR] Tests run: 1, Failures: 1, Errors: 0, Skipped: 0, Time elapsed: 6.257 s <<< FAILURE! -- in click.kivvi.SessionRequestSerializationRedProofIT
[ERROR] click.kivvi.SessionRequestSerializationRedProofIT.withoutTheLockAReloadObservesTheStaleTheme -- Time elapsed: 0.956 s <<< FAILURE!
org.opentest4j.AssertionFailedError: 

expected: "dark"
 but was: "light"
	at click.kivvi.SessionRequestSerializationRedProofIT.withoutTheLockAReloadObservesTheStaleTheme(SessionRequestSerializationRedProofIT.java:101)

[ERROR] Failures: 
[ERROR]   SessionRequestSerializationRedProofIT.withoutTheLockAReloadObservesTheStaleTheme:101 
expected: "dark"
 but was: "light"
[ERROR] Tests run: 1, Failures: 1, Errors: 0, Skipped: 0
