api-1  | 
api-1  |   .   ____          _            __ _ _
api-1  |  /\\ / ___'_ __ _ _(_)_ __  __ _ \ \ \ \
api-1  | ( ( )\___ | '_ | '_| | '_ \/ _` | \ \ \ \
api-1  |  \\/  ___)| |_)| | | | | || (_| |  ) ) ) )
api-1  |   '  |____| .__|_| |_|_| |_\__, | / / / /
api-1  |  =========|_|==============|___/=/_/_/_/
api-1  | 
api-1  |  :: Spring Boot ::                (v4.1.1)
api-1  | 
api-1  | 2026-09-08T19:50:52.275Z  INFO 1 --- [kivvi-click] [           main] click.kivvi.KivviApplication             : Starting KivviApplication v0.1.0-w0-login using Java 25.0.4 with PID 1 (/app/app.jar started by kivvi in /app)
api-1  | 2026-09-08T19:50:52.278Z  INFO 1 --- [kivvi-click] [           main] click.kivvi.KivviApplication             : No active profile set, falling back to 1 default profile: "default"
api-1  | 2026-09-08T19:50:53.667Z  INFO 1 --- [kivvi-click] [           main] o.s.boot.tomcat.TomcatWebServer          : Tomcat initialized with port 8080 (http)
api-1  | 2026-09-08T19:50:53.686Z  INFO 1 --- [kivvi-click] [           main] o.apache.catalina.core.StandardService   : Starting service [Tomcat]
api-1  | 2026-09-08T19:50:53.687Z  INFO 1 --- [kivvi-click] [           main] o.apache.catalina.core.StandardEngine    : Starting Servlet engine: [Apache Tomcat/11.0.24]
api-1  | 2026-09-08T19:50:53.720Z  INFO 1 --- [kivvi-click] [           main] b.w.c.s.WebApplicationContextInitializer : Root WebApplicationContext: initialization completed in 1392 ms
api-1  | 2026-09-08T19:50:54.241Z  INFO 1 --- [kivvi-click] [           main] com.zaxxer.hikari.HikariDataSource       : HikariPool-1 - Starting...
api-1  | 2026-09-08T19:50:54.428Z  INFO 1 --- [kivvi-click] [           main] com.zaxxer.hikari.pool.HikariPool        : HikariPool-1 - Added connection org.postgresql.jdbc.PgConnection@333398f
api-1  | 2026-09-08T19:50:54.430Z  INFO 1 --- [kivvi-click] [           main] com.zaxxer.hikari.HikariDataSource       : HikariPool-1 - Start completed.
api-1  | 2026-09-08T19:50:54.460Z  INFO 1 --- [kivvi-click] [           main] org.flywaydb.core.FlywayExecutor         : Database: jdbc:postgresql://database:5432/app (PostgreSQL 18.6)
api-1  | 2026-09-08T19:50:54.522Z  INFO 1 --- [kivvi-click] [           main] o.f.c.i.s.JdbcTableSchemaHistory         : Schema history table "public"."flyway_schema_history" does not exist yet
api-1  | 2026-09-08T19:50:54.525Z  INFO 1 --- [kivvi-click] [           main] o.f.core.internal.command.DbValidate     : Successfully validated 1 migration (execution time 00:00.015s)
api-1  | 2026-09-08T19:50:54.540Z  INFO 1 --- [kivvi-click] [           main] o.f.c.i.s.JdbcTableSchemaHistory         : Creating Schema History table "public"."flyway_schema_history" ...
api-1  | 2026-09-08T19:50:54.590Z  INFO 1 --- [kivvi-click] [           main] o.f.core.internal.command.DbMigrate      : Current version of schema "public": << Empty Schema >>
api-1  | 2026-09-08T19:50:54.601Z  INFO 1 --- [kivvi-click] [           main] o.f.core.internal.command.DbMigrate      : Migrating schema "public" to version "1 - baseline"
api-1  | 2026-09-08T19:50:54.632Z  INFO 1 --- [kivvi-click] [           main] o.f.core.internal.command.DbMigrate      : Successfully applied 1 migration to schema "public", now at version v1 (execution time 00:00.021s)
api-1  | 2026-09-08T19:50:54.774Z  INFO 1 --- [kivvi-click] [           main] o.s.b.w.a.WelcomePageHandlerMapping      : Adding welcome page: class path resource [static/index.html]
api-1  | 2026-09-08T19:50:55.172Z  INFO 1 --- [kivvi-click] [           main] o.s.b.a.e.web.EndpointLinksResolver      : Exposing 1 endpoint beneath base path '/actuator'
api-1  | 2026-09-08T19:50:55.225Z  INFO 1 --- [kivvi-click] [           main] o.s.boot.tomcat.TomcatWebServer          : Tomcat started on port 8080 (http) with context path '/'
api-1  | 2026-09-08T19:50:55.243Z  INFO 1 --- [kivvi-click] [           main] click.kivvi.KivviApplication             : Started KivviApplication in 3.382 seconds (process running for 3.708)
api-1  | 2026-09-08T19:50:55.261Z  INFO 1 --- [kivvi-click] [eat-scheduler-1] c.k.i.scheduling.HeartbeatJob            : Scheduler heartbeat tick.
api-1  | 2026-09-08T19:50:56.590Z  INFO 1 --- [kivvi-click] [nio-8080-exec-1] o.a.c.c.C.[Tomcat].[localhost].[/]       : Initializing Spring DispatcherServlet 'dispatcherServlet'
api-1  | 2026-09-08T19:50:56.590Z  INFO 1 --- [kivvi-click] [nio-8080-exec-1] o.s.web.servlet.DispatcherServlet        : Initializing Servlet 'dispatcherServlet'
api-1  | 2026-09-08T19:50:56.591Z  INFO 1 --- [kivvi-click] [nio-8080-exec-1] o.s.web.servlet.DispatcherServlet        : Completed initialization in 1 ms
