(node:4147999) Warning: Setting the NODE_TLS_REJECT_UNAUTHORIZED environment variable to '0' makes TLS connections and HTTPS requests insecure by disabling certificate verification.
(Use `node --trace-warnings ...` to show where the warning was created)
{
  "initialJsGzipBytes": {
    "value": 90846,
    "budget": 307200,
    "pass": true
  },
  "lcpMillis": {
    "value": 164,
    "budget": 2000,
    "pass": true
  },
  "ttiMillis": {
    "value": 13.900000095367432,
    "budget": 2500,
    "pass": true
  },
  "collectP95Millis": {
    "value": 7.995869999999968,
    "budget": 500,
    "pass": true
  }
}
