cwd: /home/muszkin/work/kivvi-click-wt/verify-wave-1-architecture
base: 8d3fc320354604b641b44a3043a070f279e6d491
head: 9427fdb1d92e4e606e67471638031d1bc0fb73d4 (checkout HEAD, matches wave SHA)

$ git diff --name-only 8d3fc320354604b641b44a3043a070f279e6d491 -- \
    src templates assets translations migrations tests/e2e/specs \
    composer.json composer.lock compose.yaml compose.override.yaml \
    compose.prod.yaml Dockerfile frankenphp config public
(empty output -- no changes under any protected old-stack path)
exit=0

$ git diff --name-only 8d3fc320354604b641b44a3043a070f279e6d491 -- 'tests/**/*.php'
(empty output)
exit=0

Overall diff vs base: 166 files changed, 17596 insertions(+), 0 deletions -- entirely new
files under backend/, frontend/, mercure/, tools/migration-verify/, compose.next*.yaml.
No file under a protected path was touched.

=== Flyway migrations ===
$ find backend/src/main/resources/db/migration -name 'V*.sql'
backend/src/main/resources/db/migration/V1__baseline.sql
(only file)

=== CSS byte-identity (cmp) ===
assets/styles/01-tokens.css     vs frontend/src/styles/01-tokens.css     -> IDENTICAL
assets/styles/02-base.css       vs frontend/src/styles/02-base.css       -> IDENTICAL
assets/styles/03-components.css vs frontend/src/styles/03-components.css -> IDENTICAL
assets/styles/04-patterns.css   vs frontend/src/styles/04-patterns.css   -> IDENTICAL
assets/styles/app.css           vs frontend/src/styles/app.css           -> IDENTICAL
(assets/styles/storybook.css has no frontend counterpart -- storybook is out of scope, per
rules-translated.md row "Storybook dev-only")
