=== base: b87a701 (wave-2 assembled tip) vs HEAD 11d3cc4 (wave-3 round-4 assembled SHA) ===

--- git diff --stat b87a701..HEAD -- <protected old-stack paths> ---
exit: 0

--- Flyway migration files present ---
backend/src/main/resources/db/migration/V1__baseline.sql
--- Flyway migration diff since b87a701 ---
exit: 0

--- dependency-pin diff since b87a701 (backend/pom.xml, frontend/package.json, frontend/package-lock.json) ---
exit: 0

--- full file list changed b87a701..HEAD (wave-3 scope sanity check) ---
backend/src/main/java/click/kivvi/application/AutomationsViewService.java
backend/src/main/java/click/kivvi/application/CampaignsViewService.java
backend/src/main/java/click/kivvi/application/SettingsViewService.java
backend/src/main/java/click/kivvi/fixtures/AutomationsFixtures.java
backend/src/main/java/click/kivvi/fixtures/CampaignsFixtures.java
backend/src/main/java/click/kivvi/fixtures/SettingsFixtures.java
backend/src/main/java/click/kivvi/infrastructure/session/SessionLockRegistry.java
backend/src/main/java/click/kivvi/infrastructure/session/SessionRequestSerializationConfig.java
backend/src/main/java/click/kivvi/infrastructure/session/SessionRequestSerializationFilter.java
backend/src/main/java/click/kivvi/web/AutomationsController.java
backend/src/main/java/click/kivvi/web/CampaignsController.java
backend/src/main/java/click/kivvi/web/SettingsController.java
backend/src/main/java/click/kivvi/web/dto/AutomationEditorResponse.java
backend/src/main/java/click/kivvi/web/dto/AutomationListResponse.java
backend/src/main/java/click/kivvi/web/dto/CampaignEmailResponse.java
backend/src/main/java/click/kivvi/web/dto/CampaignsResponse.java
backend/src/main/java/click/kivvi/web/dto/SettingsResponse.java
backend/src/test/java/click/kivvi/AutomationsApiIT.java
backend/src/test/java/click/kivvi/CampaignsApiIT.java
backend/src/test/java/click/kivvi/SessionRequestSerializationIT.java
backend/src/test/java/click/kivvi/SessionRequestSerializationRedProofIT.java
backend/src/test/java/click/kivvi/SettingsApiIT.java
backend/src/test/java/click/kivvi/application/AutomationsViewServiceTest.java
backend/src/test/java/click/kivvi/application/CampaignsViewServiceTest.java
backend/src/test/java/click/kivvi/application/SettingsViewServiceTest.java
backend/src/test/java/click/kivvi/fixtures/AutomationsFixturesTest.java
backend/src/test/java/click/kivvi/fixtures/SettingsFixturesTest.java
backend/src/test/java/click/kivvi/infrastructure/session/SessionLockRegistryTest.java
backend/src/test/java/click/kivvi/infrastructure/session/SessionRequestSerializationFilterTest.java
backend/src/test/java/click/kivvi/web/AutomationsControllerTest.java
backend/src/test/java/click/kivvi/web/CampaignsControllerTest.java
backend/src/test/java/click/kivvi/web/SettingsControllerTest.java
frontend/src/components/atoms/CodeBlock.vue
frontend/src/components/atoms/ToggleRow.vue
frontend/src/components/molecules/CouponCode.vue
frontend/src/components/molecules/DnsRow.vue
frontend/src/components/molecules/FlowNode.vue
frontend/src/components/molecules/HookRow.vue
frontend/src/components/molecules/RbBlock.vue
frontend/src/components/molecules/RbStep.vue
frontend/src/components/molecules/SimulationCard.vue
frontend/src/components/organisms/AutoCard.vue
frontend/src/components/organisms/BlockLibrary.vue
frontend/src/components/organisms/EditorShell.vue
frontend/src/components/organisms/EmailDocument.vue
frontend/src/components/organisms/EmailEnvelope.vue
frontend/src/components/organisms/EmailInspector.vue
frontend/src/components/organisms/EmailVariables.vue
frontend/src/components/organisms/FlowCanvas.vue
frontend/src/components/organisms/RulePipeline.vue
frontend/src/components/organisms/SettingsNav.vue
frontend/src/components/organisms/Topbar.vue
frontend/src/components/settings/AccountTab.vue
frontend/src/components/settings/ApiTab.vue
frontend/src/components/settings/BillingTab.vue
frontend/src/components/settings/GdprTab.vue
frontend/src/components/settings/NotificationsTab.vue
frontend/src/components/settings/ProvidersTab.vue
frontend/src/components/settings/SettingsSelectField.vue
frontend/src/components/settings/SitesTab.vue
frontend/src/components/settings/TeamTab.vue
frontend/src/components/settings/types.ts
frontend/src/composables/useEditorDrag.ts
frontend/src/composables/useIntents.ts
frontend/src/highlight.ts
frontend/src/i18n/messages/automations.en.ts
frontend/src/i18n/messages/automations.pl.ts
frontend/src/i18n/messages/campaigns.en.ts
frontend/src/i18n/messages/campaigns.pl.ts
frontend/src/i18n/messages/settings.en.ts
frontend/src/i18n/messages/settings.pl.ts
frontend/src/router/index.ts
frontend/src/router/localeHref.ts
frontend/src/router/meta.d.ts
frontend/src/router/routes.ts
frontend/src/router/scrollRestoration.ts
frontend/src/stores/shell.ts
frontend/src/views/AutomationEditorView.vue
frontend/src/views/AutomationsView.vue
frontend/src/views/CampaignsView.vue
frontend/src/views/EmailEditorView.vue
frontend/src/views/SettingsView.vue
frontend/test/integration/AutomationEditorView.spec.ts
frontend/test/integration/AutomationsView.spec.ts
frontend/test/integration/CampaignsView.spec.ts
frontend/test/integration/EmailEditorView.spec.ts
frontend/test/integration/LocaleToggle.spec.ts
frontend/test/integration/ScrollRestoration.spec.ts
frontend/test/integration/SettingsView.spec.ts
frontend/test/integration/shellStore.spec.ts
frontend/test/unit/automationsComponents.spec.ts
frontend/test/unit/campaignsComponents.spec.ts
frontend/test/unit/emailDocument.spec.ts
frontend/test/unit/highlight.spec.ts
frontend/test/unit/localeHref.spec.ts
frontend/test/unit/scrollRestoration.spec.ts
frontend/test/unit/settingsComponents.spec.ts
frontend/test/unit/useIntents.spec.ts
tools/migration-verify/compare.mjs
tools/migration-verify/deviations.json
