 .../kivvi/application/AutomationsViewService.java  | 138 ++++++++
 .../kivvi/application/CampaignsViewService.java    | 152 +++++++++
 .../kivvi/application/SettingsViewService.java     |  48 +++
 .../click/kivvi/fixtures/AutomationsFixtures.java  | 292 +++++++++++++++-
 .../click/kivvi/fixtures/CampaignsFixtures.java    | 204 +++++++++++
 .../click/kivvi/fixtures/SettingsFixtures.java     | 376 +++++++++++++++++++++
 .../click/kivvi/web/AutomationsController.java     | 124 +++++++
 .../java/click/kivvi/web/CampaignsController.java  | 129 +++++++
 .../java/click/kivvi/web/SettingsController.java   | 196 +++++++++++
 .../kivvi/web/dto/AutomationEditorResponse.java    |  46 +++
 .../kivvi/web/dto/AutomationListResponse.java      |  25 ++
 .../click/kivvi/web/dto/CampaignEmailResponse.java |  54 +++
 .../click/kivvi/web/dto/CampaignsResponse.java     |  32 ++
 .../java/click/kivvi/web/dto/SettingsResponse.java |  74 ++++
 frontend/src/components/atoms/CodeBlock.vue        |  18 +
 frontend/src/components/atoms/ToggleRow.vue        |  23 ++
 frontend/src/components/molecules/CouponCode.vue   |  15 +
 frontend/src/components/molecules/DnsRow.vue       |  36 ++
 frontend/src/components/molecules/FlowNode.vue     |  31 ++
 frontend/src/components/molecules/HookRow.vue      |  63 ++++
 frontend/src/components/molecules/RbBlock.vue      |  19 ++
 frontend/src/components/molecules/RbStep.vue       |  42 +++
 .../src/components/molecules/SimulationCard.vue    |  49 +++
 frontend/src/components/organisms/AutoCard.vue     |  70 ++++
 frontend/src/components/organisms/BlockLibrary.vue |  28 ++
 frontend/src/components/organisms/EditorShell.vue  |  55 +++
 .../src/components/organisms/EmailDocument.vue     | 103 ++++++
 .../src/components/organisms/EmailEnvelope.vue     |  57 ++++
 .../src/components/organisms/EmailInspector.vue    | 151 +++++++++
 .../src/components/organisms/EmailVariables.vue    |  55 +++
 frontend/src/components/organisms/FlowCanvas.vue   | 128 +++++++
 frontend/src/components/organisms/RulePipeline.vue |  30 ++
 frontend/src/components/organisms/SettingsNav.vue  |  28 ++
 frontend/src/components/organisms/Topbar.vue       |  16 +-
 frontend/src/components/settings/AccountTab.vue    | 140 ++++++++
 frontend/src/components/settings/ApiTab.vue        | 176 ++++++++++
 frontend/src/components/settings/BillingTab.vue    | 170 ++++++++++
 frontend/src/components/settings/GdprTab.vue       | 197 +++++++++++
 .../src/components/settings/NotificationsTab.vue   | 224 ++++++++++++
 frontend/src/components/settings/ProvidersTab.vue  | 195 +++++++++++
 .../components/settings/SettingsSelectField.vue    |  40 +++
 frontend/src/components/settings/SitesTab.vue      | 139 ++++++++
 frontend/src/components/settings/TeamTab.vue       | 164 +++++++++
 frontend/src/components/settings/types.ts          | 113 +++++++
 frontend/src/composables/useEditorDrag.ts          |  48 +++
 frontend/src/composables/useIntents.ts             |  45 +++
 frontend/src/highlight.ts                          |  51 +++
 frontend/src/i18n/messages/automations.en.ts       |  22 ++
 frontend/src/i18n/messages/automations.pl.ts       |  28 ++
 frontend/src/i18n/messages/campaigns.en.ts         |  43 +++
 frontend/src/i18n/messages/campaigns.pl.ts         |  54 +++
 frontend/src/i18n/messages/settings.en.ts          | 180 ++++++++++
 frontend/src/i18n/messages/settings.pl.ts          | 189 +++++++++++
 frontend/src/router/index.ts                       |   5 +
 frontend/src/router/localeHref.ts                  |  34 ++
 frontend/src/router/meta.d.ts                      |  10 +
 frontend/src/router/routes.ts                      |  28 +-
 frontend/src/router/scrollRestoration.ts           | 223 ++++++++++++
 frontend/src/views/AutomationEditorView.vue        | 168 +++++++++
 frontend/src/views/AutomationsView.vue             | 126 +++++++
 frontend/src/views/CampaignsView.vue               | 169 +++++++++
 frontend/src/views/EmailEditorView.vue             | 150 ++++++++
 frontend/src/views/SettingsView.vue                | 131 +++++++
 63 files changed, 6150 insertions(+), 19 deletions(-)
