 Network kivvi-w-shell_default Creating 
 Network kivvi-w-shell_default Creating 
 Volume kivvi-w-shell_mercure_data Creating 
 Volume kivvi-w-shell_mercure_data Creating 
 Volume kivvi-w-shell_mercure_config Creating 
 Volume kivvi-w-shell_mercure_config Creating 
 Volume kivvi-w-shell_database_data Creating 
 Volume kivvi-w-shell_database_data Creating 
 Volume kivvi-w-shell_mercure_data Created 
 Volume kivvi-w-shell_mercure_data Created 
 Volume kivvi-w-shell_database_data Created 
 Volume kivvi-w-shell_database_data Created 
 Volume kivvi-w-shell_mercure_config Created 
 Volume kivvi-w-shell_mercure_config Created 
 Network kivvi-w-shell_default Created 
 Network kivvi-w-shell_default Created 
 Container kivvi-w-shell-database-1 Creating 
 Container kivvi-w-shell-database-1 Created 
 Container kivvi-w-shell-api-1 Creating 
 Container kivvi-w-shell-api-1 Created 
 Container kivvi-w-shell-mercure-1 Creating 
 Container kivvi-w-shell-mercure-1 Created 
 Container kivvi-w-shell-database-1 Starting 
 Container kivvi-w-shell-database-1 Started 
 Container kivvi-w-shell-database-1 Waiting 
 Container kivvi-w-shell-database-1 Healthy 
 Container kivvi-w-shell-api-1 Starting 
 Container kivvi-w-shell-api-1 Started 
 Container kivvi-w-shell-api-1 Waiting 
 Container kivvi-w-shell-api-1 Healthy 
 Container kivvi-w-shell-mercure-1 Starting 
 Container kivvi-w-shell-mercure-1 Started 
 Container kivvi-w-shell-api-1 Waiting 
 Container kivvi-w-shell-mercure-1 Waiting 
 Container kivvi-w-shell-database-1 Waiting 
 Container kivvi-w-shell-api-1 Healthy 
 Container kivvi-w-shell-database-1 Healthy 
 Container kivvi-w-shell-mercure-1 Healthy 
