 Container kivvi-w-shell-mercure-1 Stopping 
 Container kivvi-w-shell-mercure-1 Stopped 
 Container kivvi-w-shell-mercure-1 Removing 
 Container kivvi-w-shell-mercure-1 Removed 
 Container kivvi-w-shell-api-1 Stopping 
 Container kivvi-w-shell-api-1 Stopped 
 Container kivvi-w-shell-api-1 Removing 
 Container kivvi-w-shell-api-1 Removed 
 Container kivvi-w-shell-database-1 Stopping 
 Container kivvi-w-shell-database-1 Stopped 
 Container kivvi-w-shell-database-1 Removing 
 Container kivvi-w-shell-database-1 Removed 
 Volume kivvi-w-shell_database_data Removing 
 Volume kivvi-w-shell_mercure_config Removing 
 Volume kivvi-w-shell_mercure_data Removing 
 Network kivvi-w-shell_default Removing 
 Volume kivvi-w-shell_database_data Removed 
 Volume kivvi-w-shell_mercure_config Removed 
 Volume kivvi-w-shell_mercure_data Removed 
 Network kivvi-w-shell_default Removed 
Untagged: kivvi-w-shell-api:latest
Deleted: sha256:f3b9a3a79d54716f108625bebe7588e1bb0777c57b32f2fbd9999e52fd1de3f7
