(node:1697535) Warning: Setting the NODE_TLS_REJECT_UNAUTHORIZED environment variable to '0' makes TLS connections and HTTPS requests insecure by disabling certificate verification.
(Use `node --trace-warnings ...` to show where the warning was created)
{
  "initialJsGzipBytes": {
    "value": 101990,
    "budget": 307200,
    "pass": true
  },
  "lcpMillis": {
    "value": 156,
    "budget": 2000,
    "pass": true
  },
  "ttiMillis": {
    "value": 14.600000381469727,
    "budget": 2500,
    "pass": true
  },
  "collectP95Millis": {
    "value": 6.364562999999862,
    "budget": 500,
    "pass": true
  }
}
EXIT: 0
