automations step 1 desktop: dims_o=1440x900 dims_c=1440x900 AE=54 total=1296000 pct=0.004%
automations step 1 mobile: dims_o=390x844 dims_c=390x844 AE=0 total=329160 pct=0.000%
  texts.json: identical
  a11y.json: identical
automations step 2 desktop: dims_o=1440x900 dims_c=1440x900 AE=53 total=1296000 pct=0.004%
automations step 2 mobile: dims_o=390x844 dims_c=390x844 AE=0 total=329160 pct=0.000%
  texts.json: identical
  a11y.json: identical
automations step 3 desktop: dims_o=1440x900 dims_c=1440x900 AE=54 total=1296000 pct=0.004%
automations step 3 mobile: dims_o=390x844 dims_c=390x844 AE=0 total=329160 pct=0.000%
  texts.json: identical
  a11y.json: identical
automations step 4 desktop: dims_o=1440x900 dims_c=1440x900 AE=0 total=1296000 pct=0.000%
automations step 4 mobile: dims_o=390x844 dims_c=390x844 AE=0 total=329160 pct=0.000%
  texts.json: identical
  a11y.json: identical
automations step 5 desktop: dims_o=1440x900 dims_c=1440x900 AE=0 total=1296000 pct=0.000%
automations step 5 mobile: dims_o=390x844 dims_c=390x844 AE=0 total=329160 pct=0.000%
  texts.json: identical
  a11y.json: identical
automations step 6 desktop: dims_o=1440x900 dims_c=1440x900 AE=15 total=1296000 pct=0.001%
automations step 6 mobile: dims_o=390x844 dims_c=390x844 AE=0 total=329160 pct=0.000%
  texts.json: identical
  a11y.json: identical
automations step 7 desktop: dims_o=1440x900 dims_c=1440x900 AE=0 total=1296000 pct=0.000%
automations step 7 mobile: dims_o=390x844 dims_c=390x844 AE=0 total=329160 pct=0.000%
  texts.json: identical
  a11y.json: identical
settings step 1 desktop: dims_o=1440x900 dims_c=1440x900 AE=0 total=1296000 pct=0.000%
settings step 1 mobile: dims_o=390x844 dims_c=390x844 AE=0 total=329160 pct=0.000%
  texts.json: identical
  a11y.json: identical
settings step 2 desktop: dims_o=1440x900 dims_c=1440x900 AE=0 total=1296000 pct=0.000%
settings step 2 mobile: dims_o=390x844 dims_c=390x844 AE=0 total=329160 pct=0.000%
  texts.json: identical
  a11y.json: identical
settings step 3 desktop: dims_o=1440x900 dims_c=1440x900 AE=0 total=1296000 pct=0.000%
settings step 3 mobile: dims_o=390x844 dims_c=390x844 AE=0 total=329160 pct=0.000%
  texts.json: identical
  a11y.json: identical
settings step 4 desktop: dims_o=1440x900 dims_c=1440x900 AE=0 total=1296000 pct=0.000%
settings step 4 mobile: dims_o=390x844 dims_c=390x844 AE=0 total=329160 pct=0.000%
  texts.json: identical
  a11y.json: identical
settings step 5 desktop: dims_o=1440x900 dims_c=1440x900 AE=15 total=1296000 pct=0.001%
settings step 5 mobile: dims_o=390x844 dims_c=390x844 AE=2 total=329160 pct=0.001%
  texts.json: identical
  a11y.json: identical
settings step 6 desktop: dims_o=1440x900 dims_c=1440x900 AE=0 total=1296000 pct=0.000%
settings step 6 mobile: dims_o=390x844 dims_c=390x844 AE=0 total=329160 pct=0.000%
  texts.json: identical
  a11y.json: identical
settings step 7 desktop: dims_o=1440x900 dims_c=1440x900 AE=0 total=1296000 pct=0.000%
settings step 7 mobile: dims_o=390x844 dims_c=390x844 AE=0 total=329160 pct=0.000%
  texts.json: identical
  a11y.json: identical
settings step 8 desktop: dims_o=1440x900 dims_c=1440x900 AE=0 total=1296000 pct=0.000%
settings step 8 mobile: dims_o=390x844 dims_c=390x844 AE=0 total=329160 pct=0.000%
  texts.json: identical
  a11y.json: identical
settings step 9 desktop: dims_o=1440x900 dims_c=1440x900 AE=0 total=1296000 pct=0.000%
settings step 9 mobile: dims_o=390x844 dims_c=390x844 AE=15 total=329160 pct=0.005%
  texts.json: identical
  a11y.json: identical
SKIP settings step 10 (oracle documentStatus 404, DEV-12)
campaigns-email-editor step 1 desktop: dims_o=1440x900 dims_c=1440x900 AE=278 total=1296000 pct=0.021%
campaigns-email-editor step 1 mobile: dims_o=390x844 dims_c=390x844 AE=0 total=329160 pct=0.000%
  texts.json: identical
  a11y.json: identical
campaigns-email-editor step 2 desktop: dims_o=1440x900 dims_c=1440x900 AE=293 total=1296000 pct=0.023%
campaigns-email-editor step 2 mobile: dims_o=390x844 dims_c=390x844 AE=0 total=329160 pct=0.000%
  texts.json: identical
  a11y.json: identical
campaigns-email-editor step 3 desktop: dims_o=1440x900 dims_c=1440x900 AE=278 total=1296000 pct=0.021%
campaigns-email-editor step 3 mobile: dims_o=390x844 dims_c=390x844 AE=15 total=329160 pct=0.005%
  texts.json: identical
  a11y.json: identical
campaigns-email-editor step 4 desktop: dims_o=1440x900 dims_c=1440x900 AE=0 total=1296000 pct=0.000%
campaigns-email-editor step 4 mobile: dims_o=390x844 dims_c=390x844 AE=0 total=329160 pct=0.000%
  texts.json: identical
  a11y.json: identical
campaigns-email-editor step 5 desktop: dims_o=1440x900 dims_c=1440x900 AE=0 total=1296000 pct=0.000%
campaigns-email-editor step 5 mobile: dims_o=390x844 dims_c=390x844 AE=0 total=329160 pct=0.000%
  texts.json: identical
  a11y.json: identical
campaigns-email-editor step 6 desktop: dims_o=1440x900 dims_c=1440x900 AE=0 total=1296000 pct=0.000%
campaigns-email-editor step 6 mobile: dims_o=390x844 dims_c=390x844 AE=229473 total=329160 pct=69.715%
  texts.json: identical
  a11y.json: identical
campaigns-email-editor step 7 desktop: dims_o=1440x900 dims_c=1440x900 AE=0 total=1296000 pct=0.000%
campaigns-email-editor step 7 mobile: dims_o=390x844 dims_c=390x844 AE=0 total=329160 pct=0.000%
  texts.json: identical
  a11y.json: identical
campaigns-email-editor step 8 desktop: dims_o=1440x900 dims_c=1440x900 AE=0 total=1296000 pct=0.000%
campaigns-email-editor step 8 mobile: dims_o=390x844 dims_c=390x844 AE=0 total=329160 pct=0.000%
  texts.json: identical
  a11y.json: identical
login step 1 desktop: dims_o=1440x900 dims_c=1440x900 AE=0 total=1296000 pct=0.000%
login step 1 mobile: dims_o=390x844 dims_c=390x844 AE=0 total=329160 pct=0.000%
  texts.json: identical
  a11y.json: identical
login step 2 desktop: dims_o=1440x900 dims_c=1440x900 AE=0 total=1296000 pct=0.000%
login step 2 mobile: dims_o=390x844 dims_c=390x844 AE=0 total=329160 pct=0.000%
  texts.json: identical
  a11y.json: identical
login step 3 desktop: dims_o=1440x900 dims_c=1440x900 AE=0 total=1296000 pct=0.000%
login step 3 mobile: dims_o=390x844 dims_c=390x844 AE=0 total=329160 pct=0.000%
  texts.json: identical
  a11y.json: identical
login step 4 desktop: dims_o=1440x900 dims_c=1440x900 AE=866948 total=1296000 pct=66.894%
login step 4 mobile: dims_o=390x844 dims_c=390x844 AE=111896 total=329160 pct=33.994%
  texts.json: DIFFERS
    27,183c27
    <   "PL",
    <   "Co dzieje się teraz",
    <   "Strumień zdarzeń z Twoich stron, na żywo, oraz wpływ uruchomionych automatyzacji.",
    <   "na żywo",
  a11y.json: DIFFERS
    2c2
    <   "aria": "- complementary:\n  - text: kivvi click\n  - button \"AS aureashop.pl Plan Pro · 3 strony\"\n  - navigation \"Nawigacja główna\":\n    - text: Główne\n    - link \"Pulpit\":\n      - /url: /pl/dashboard\n    - link \"Strumień zdarzeń ·\":\n      - /url: /pl/events\n    - link \"Klienci\":\n      - /url: /pl/customers\n    - text: Automatyzacja\n    - link \"Reguły\":\n      - /url: /pl/automations\n    - link \"Kampanie email\":\n      - /url: /pl/campaigns\n    - link \"Popupy i widgety\":\n      - /url: /pl/popups\n    - text: Dane\n    - link \"Feedy produktów\":\n      - /url: /pl/feeds\n    - link \"Import klientów\":\n      - /url: /pl/import\n    - text: Konfiguracja\n    - link \"Ustawienia\":\n      - /url: /pl/settings\n  - text: A Anna anna@aureashop.pl\n- main:\n  - button \"Zwiń panel boczny\"\n  - navigation \"Ścieżka\": aureashop.pl / Pulpit\n  - button \"Szukaj\": Szukaj zdarzeń, klientów, reguł… ⌘K\n  - link \"PL\":\n    - /url: /en/dashboard\n  - button \"Motyw\"\n  - button \"Powiadomienia\"\n  - heading \"Co dzieje się teraz\" [level=1]\n  - paragraph: Strumień zdarzeń z Twoich stron, na żywo, oraz wpływ uruchomionych automatyzacji.\n  - text: na żywo\n  - button \"Eksport\"\n  - link \"Nowa automatyzacja\":\n    - /url: /pl/automations/new\n  - text: Zdarzeń ostatnia minuta 847 +12,4% vs śr. Aktywne sesje 312 +4,1% Maile dostarczone (24h) 8 410 −2,0% Przypisany przychód (24h) 94 200 zł +22,4%\n  - heading \"Pulsacja zdarzeń\" [level=3]\n  - text: liczba zdarzeń / sekundę\n  - button \"5 min\"\n  - button \"1 godz.\"\n  - button \"24 godz.\"\n  - img \"Pulsacja zdarzeń\"\n  - text: \"Średnia 5 min: 14,2 ev/s Pik: 28 ev/s · <HH:MM:SS> Aktualizacja: co 1 s\"\n  - heading \"Strumień na żywo\" [level=3]\n  - text: wszystkie strony\n  - button \"Pauza\"\n  - link \"Cały log\":\n    - /url: /pl/events\n  - text: <HH:MM:SS> Dodanie do koszyka Zielona herbata Sencha 100g AK Anna K. aureashop.pl <HH:MM:SS> Rejestracja lukasz.n@example.com ŁN Łukasz N. polna-bistro.pl <HH:MM:SS> Lista życzeń Świeca sojowa „Figa” HC Hania C. mlot-narzedzia.pl <HH:MM:SS> Zakup 230,00 PLN · 4 produkty AP Anna P. aureashop.pl <HH:MM:SS> Wyszukiwanie „świeca” ŁK Łukasz K. polna-bistro.pl <HH:MM:SS> Wyświetlenie strony /produkt/zielona-herbata-sencha KN Kasia N. mlot-narzedzia.pl <HH:MM:SS> Zalogowanie olek.c@example.com OC Olek C. aureashop.pl <HH:MM:SS> Porzucony koszyk Po 8:42 minut WP Wojtek P. polna-bistro.pl <HH:MM:SS> Dodanie do koszyka Plecak canvas Olive KK Kasia K. mlot-narzedzia.pl <HH:MM:SS> Rejestracja olek.n@example.com ON Olek N. aureashop.pl\n  - heading \"Ostatnio widziani\" [level=3]\n  - link \"Wszyscy\":\n    - /url: /pl/customers\n  - link \"AK Anna K. anna.k@example.com 0 zam. teraz\":\n    - /url: /pl/customers/c_1000\n  - link \"KN Kasia N. kasia.n@example.com 1 zam. 1 min temu\":\n    - /url: /pl/customers/c_1001\n  - link \"MC Marta C. marta.c@example.com 2 zam. 2 min temu\":\n    - /url: /pl/customers/c_1002\n  - link \"TP Tomek P. tomek.p@example.com 3 zam. 3 min temu\":\n    - /url: /pl/customers/c_1003\n  - link \"PK Piotr K. piotr.k@example.com 4 zam. 4 min temu\":\n    - /url: /pl/customers/c_1004\n  - link \"ŁN Łukasz N. lukasz.n@example.com 5 zam. 5 min temu\":\n    - /url: /pl/customers/c_1005\n  - heading \"Najskuteczniejsze automatyzacje\" [level=3]\n  - text: wg konwersji w ostatnich 7 dniach\n  - link \"Wszystkie\":\n    - /url: /pl/automations\n  - link \"Rekomendacje „podobne produkty” widget 18 420 uruchomień 7,9% konwersja 41 200 zł przychód\":\n    - /url: /pl/automations/a3\n  - link \"Powrót do porzuconego koszyka email popup 1 287 uruchomień 18,4% konwersja 24 800 zł przychód\":\n    - /url: /pl/automations/a1\n  - link \"Kupon dla VIP po 5 zamówieniach coupon email 89 uruchomień 62,1% konwersja 12 400 zł przychód\":\n    - /url: /pl/automations/a4\n  - link \"Powitanie po rejestracji email 412 uruchomień 41,2% konwersja 8 930 zł przychód\":\n    - /url: /pl/automations/a2"
    ---
    >   "aria": "- complementary:\n  - text: kivvi click\n  - button \"AS aureashop.pl Plan Pro · 3 strony\"\n  - navigation \"Nawigacja główna\":\n    - text: Główne\n    - link \"Pulpit\":\n      - /url: /pl/dashboard\n    - link \"Strumień zdarzeń ·\":\n      - /url: /pl/events\n    - link \"Klienci\":\n      - /url: /pl/customers\n    - text: Automatyzacja\n    - link \"Reguły\":\n      - /url: /pl/automations\n    - link \"Kampanie email\":\n      - /url: /pl/campaigns\n    - link \"Popupy i widgety\":\n      - /url: /pl/popups\n    - text: Dane\n    - link \"Feedy produktów\":\n      - /url: /pl/feeds\n    - link \"Import klientów\":\n      - /url: /pl/import\n    - text: Konfiguracja\n    - link \"Ustawienia\":\n      - /url: /pl/settings\n  - text: A Anna anna@aureashop.pl\n- main:\n  - button \"Zwiń panel boczny\"\n  - navigation \"Ścieżka\": aureashop.pl / Pulpit\n  - button \"Szukaj\": Szukaj zdarzeń, klientów, reguł… ⌘K\n  - link \"PL\":\n    - /url: /en/dashboard\n  - button \"Motyw\"\n  - button \"Powiadomienia\""
login step 5 desktop: dims_o=1440x900 dims_c=1440x900 AE=866948 total=1296000 pct=66.894%
login step 5 mobile: dims_o=390x844 dims_c=390x844 AE=111896 total=329160 pct=33.994%
  texts.json: DIFFERS
    27,183c27
    <   "PL",
    <   "Co dzieje się teraz",
    <   "Strumień zdarzeń z Twoich stron, na żywo, oraz wpływ uruchomionych automatyzacji.",
    <   "na żywo",
  a11y.json: DIFFERS
    2c2
    <   "aria": "- complementary:\n  - text: kivvi click\n  - button \"AS aureashop.pl Plan Pro · 3 strony\"\n  - navigation \"Nawigacja główna\":\n    - text: Główne\n    - link \"Pulpit\":\n      - /url: /pl/dashboard\n    - link \"Strumień zdarzeń ·\":\n      - /url: /pl/events\n    - link \"Klienci\":\n      - /url: /pl/customers\n    - text: Automatyzacja\n    - link \"Reguły\":\n      - /url: /pl/automations\n    - link \"Kampanie email\":\n      - /url: /pl/campaigns\n    - link \"Popupy i widgety\":\n      - /url: /pl/popups\n    - text: Dane\n    - link \"Feedy produktów\":\n      - /url: /pl/feeds\n    - link \"Import klientów\":\n      - /url: /pl/import\n    - text: Konfiguracja\n    - link \"Ustawienia\":\n      - /url: /pl/settings\n  - text: A Anna anna@aureashop.pl\n- main:\n  - button \"Zwiń panel boczny\"\n  - navigation \"Ścieżka\": aureashop.pl / Pulpit\n  - button \"Szukaj\": Szukaj zdarzeń, klientów, reguł… ⌘K\n  - link \"PL\":\n    - /url: /en/dashboard\n  - button \"Motyw\"\n  - button \"Powiadomienia\"\n  - heading \"Co dzieje się teraz\" [level=1]\n  - paragraph: Strumień zdarzeń z Twoich stron, na żywo, oraz wpływ uruchomionych automatyzacji.\n  - text: na żywo\n  - button \"Eksport\"\n  - link \"Nowa automatyzacja\":\n    - /url: /pl/automations/new\n  - text: Zdarzeń ostatnia minuta 847 +12,4% vs śr. Aktywne sesje 312 +4,1% Maile dostarczone (24h) 8 410 −2,0% Przypisany przychód (24h) 94 200 zł +22,4%\n  - heading \"Pulsacja zdarzeń\" [level=3]\n  - text: liczba zdarzeń / sekundę\n  - button \"5 min\"\n  - button \"1 godz.\"\n  - button \"24 godz.\"\n  - img \"Pulsacja zdarzeń\"\n  - text: \"Średnia 5 min: 14,2 ev/s Pik: 28 ev/s · <HH:MM:SS> Aktualizacja: co 1 s\"\n  - heading \"Strumień na żywo\" [level=3]\n  - text: wszystkie strony\n  - button \"Pauza\"\n  - link \"Cały log\":\n    - /url: /pl/events\n  - text: <HH:MM:SS> Dodanie do koszyka Zielona herbata Sencha 100g AK Anna K. aureashop.pl <HH:MM:SS> Rejestracja lukasz.n@example.com ŁN Łukasz N. polna-bistro.pl <HH:MM:SS> Lista życzeń Świeca sojowa „Figa” HC Hania C. mlot-narzedzia.pl <HH:MM:SS> Zakup 230,00 PLN · 4 produkty AP Anna P. aureashop.pl <HH:MM:SS> Wyszukiwanie „świeca” ŁK Łukasz K. polna-bistro.pl <HH:MM:SS> Wyświetlenie strony /produkt/zielona-herbata-sencha KN Kasia N. mlot-narzedzia.pl <HH:MM:SS> Zalogowanie olek.c@example.com OC Olek C. aureashop.pl <HH:MM:SS> Porzucony koszyk Po 8:42 minut WP Wojtek P. polna-bistro.pl <HH:MM:SS> Dodanie do koszyka Plecak canvas Olive KK Kasia K. mlot-narzedzia.pl <HH:MM:SS> Rejestracja olek.n@example.com ON Olek N. aureashop.pl\n  - heading \"Ostatnio widziani\" [level=3]\n  - link \"Wszyscy\":\n    - /url: /pl/customers\n  - link \"AK Anna K. anna.k@example.com 0 zam. teraz\":\n    - /url: /pl/customers/c_1000\n  - link \"KN Kasia N. kasia.n@example.com 1 zam. 1 min temu\":\n    - /url: /pl/customers/c_1001\n  - link \"MC Marta C. marta.c@example.com 2 zam. 2 min temu\":\n    - /url: /pl/customers/c_1002\n  - link \"TP Tomek P. tomek.p@example.com 3 zam. 3 min temu\":\n    - /url: /pl/customers/c_1003\n  - link \"PK Piotr K. piotr.k@example.com 4 zam. 4 min temu\":\n    - /url: /pl/customers/c_1004\n  - link \"ŁN Łukasz N. lukasz.n@example.com 5 zam. 5 min temu\":\n    - /url: /pl/customers/c_1005\n  - heading \"Najskuteczniejsze automatyzacje\" [level=3]\n  - text: wg konwersji w ostatnich 7 dniach\n  - link \"Wszystkie\":\n    - /url: /pl/automations\n  - link \"Rekomendacje „podobne produkty” widget 18 420 uruchomień 7,9% konwersja 41 200 zł przychód\":\n    - /url: /pl/automations/a3\n  - link \"Powrót do porzuconego koszyka email popup 1 287 uruchomień 18,4% konwersja 24 800 zł przychód\":\n    - /url: /pl/automations/a1\n  - link \"Kupon dla VIP po 5 zamówieniach coupon email 89 uruchomień 62,1% konwersja 12 400 zł przychód\":\n    - /url: /pl/automations/a4\n  - link \"Powitanie po rejestracji email 412 uruchomień 41,2% konwersja 8 930 zł przychód\":\n    - /url: /pl/automations/a2"
    ---
    >   "aria": "- complementary:\n  - text: kivvi click\n  - button \"AS aureashop.pl Plan Pro · 3 strony\"\n  - navigation \"Nawigacja główna\":\n    - text: Główne\n    - link \"Pulpit\":\n      - /url: /pl/dashboard\n    - link \"Strumień zdarzeń ·\":\n      - /url: /pl/events\n    - link \"Klienci\":\n      - /url: /pl/customers\n    - text: Automatyzacja\n    - link \"Reguły\":\n      - /url: /pl/automations\n    - link \"Kampanie email\":\n      - /url: /pl/campaigns\n    - link \"Popupy i widgety\":\n      - /url: /pl/popups\n    - text: Dane\n    - link \"Feedy produktów\":\n      - /url: /pl/feeds\n    - link \"Import klientów\":\n      - /url: /pl/import\n    - text: Konfiguracja\n    - link \"Ustawienia\":\n      - /url: /pl/settings\n  - text: A Anna anna@aureashop.pl\n- main:\n  - button \"Zwiń panel boczny\"\n  - navigation \"Ścieżka\": aureashop.pl / Pulpit\n  - button \"Szukaj\": Szukaj zdarzeń, klientów, reguł… ⌘K\n  - link \"PL\":\n    - /url: /en/dashboard\n  - button \"Motyw\"\n  - button \"Powiadomienia\""
login step 6 desktop: dims_o=1440x900 dims_c=1440x900 AE=866948 total=1296000 pct=66.894%
login step 6 mobile: dims_o=390x844 dims_c=390x844 AE=111896 total=329160 pct=33.994%
  texts.json: DIFFERS
    27,183c27
    <   "PL",
    <   "Co dzieje się teraz",
    <   "Strumień zdarzeń z Twoich stron, na żywo, oraz wpływ uruchomionych automatyzacji.",
    <   "na żywo",
  a11y.json: DIFFERS
    2c2
    <   "aria": "- complementary:\n  - text: kivvi click\n  - button \"AS aureashop.pl Plan Pro · 3 strony\"\n  - navigation \"Nawigacja główna\":\n    - text: Główne\n    - link \"Pulpit\":\n      - /url: /pl/dashboard\n    - link \"Strumień zdarzeń ·\":\n      - /url: /pl/events\n    - link \"Klienci\":\n      - /url: /pl/customers\n    - text: Automatyzacja\n    - link \"Reguły\":\n      - /url: /pl/automations\n    - link \"Kampanie email\":\n      - /url: /pl/campaigns\n    - link \"Popupy i widgety\":\n      - /url: /pl/popups\n    - text: Dane\n    - link \"Feedy produktów\":\n      - /url: /pl/feeds\n    - link \"Import klientów\":\n      - /url: /pl/import\n    - text: Konfiguracja\n    - link \"Ustawienia\":\n      - /url: /pl/settings\n  - text: A Anna anna@aureashop.pl\n- main:\n  - button \"Zwiń panel boczny\"\n  - navigation \"Ścieżka\": aureashop.pl / Pulpit\n  - button \"Szukaj\": Szukaj zdarzeń, klientów, reguł… ⌘K\n  - link \"PL\":\n    - /url: /en/dashboard\n  - button \"Motyw\"\n  - button \"Powiadomienia\"\n  - heading \"Co dzieje się teraz\" [level=1]\n  - paragraph: Strumień zdarzeń z Twoich stron, na żywo, oraz wpływ uruchomionych automatyzacji.\n  - text: na żywo\n  - button \"Eksport\"\n  - link \"Nowa automatyzacja\":\n    - /url: /pl/automations/new\n  - text: Zdarzeń ostatnia minuta 847 +12,4% vs śr. Aktywne sesje 312 +4,1% Maile dostarczone (24h) 8 410 −2,0% Przypisany przychód (24h) 94 200 zł +22,4%\n  - heading \"Pulsacja zdarzeń\" [level=3]\n  - text: liczba zdarzeń / sekundę\n  - button \"5 min\"\n  - button \"1 godz.\"\n  - button \"24 godz.\"\n  - img \"Pulsacja zdarzeń\"\n  - text: \"Średnia 5 min: 14,2 ev/s Pik: 28 ev/s · <HH:MM:SS> Aktualizacja: co 1 s\"\n  - heading \"Strumień na żywo\" [level=3]\n  - text: wszystkie strony\n  - button \"Pauza\"\n  - link \"Cały log\":\n    - /url: /pl/events\n  - text: <HH:MM:SS> Dodanie do koszyka Zielona herbata Sencha 100g AK Anna K. aureashop.pl <HH:MM:SS> Rejestracja lukasz.n@example.com ŁN Łukasz N. polna-bistro.pl <HH:MM:SS> Lista życzeń Świeca sojowa „Figa” HC Hania C. mlot-narzedzia.pl <HH:MM:SS> Zakup 230,00 PLN · 4 produkty AP Anna P. aureashop.pl <HH:MM:SS> Wyszukiwanie „świeca” ŁK Łukasz K. polna-bistro.pl <HH:MM:SS> Wyświetlenie strony /produkt/zielona-herbata-sencha KN Kasia N. mlot-narzedzia.pl <HH:MM:SS> Zalogowanie olek.c@example.com OC Olek C. aureashop.pl <HH:MM:SS> Porzucony koszyk Po 8:42 minut WP Wojtek P. polna-bistro.pl <HH:MM:SS> Dodanie do koszyka Plecak canvas Olive KK Kasia K. mlot-narzedzia.pl <HH:MM:SS> Rejestracja olek.n@example.com ON Olek N. aureashop.pl\n  - heading \"Ostatnio widziani\" [level=3]\n  - link \"Wszyscy\":\n    - /url: /pl/customers\n  - link \"AK Anna K. anna.k@example.com 0 zam. teraz\":\n    - /url: /pl/customers/c_1000\n  - link \"KN Kasia N. kasia.n@example.com 1 zam. 1 min temu\":\n    - /url: /pl/customers/c_1001\n  - link \"MC Marta C. marta.c@example.com 2 zam. 2 min temu\":\n    - /url: /pl/customers/c_1002\n  - link \"TP Tomek P. tomek.p@example.com 3 zam. 3 min temu\":\n    - /url: /pl/customers/c_1003\n  - link \"PK Piotr K. piotr.k@example.com 4 zam. 4 min temu\":\n    - /url: /pl/customers/c_1004\n  - link \"ŁN Łukasz N. lukasz.n@example.com 5 zam. 5 min temu\":\n    - /url: /pl/customers/c_1005\n  - heading \"Najskuteczniejsze automatyzacje\" [level=3]\n  - text: wg konwersji w ostatnich 7 dniach\n  - link \"Wszystkie\":\n    - /url: /pl/automations\n  - link \"Rekomendacje „podobne produkty” widget 18 420 uruchomień 7,9% konwersja 41 200 zł przychód\":\n    - /url: /pl/automations/a3\n  - link \"Powrót do porzuconego koszyka email popup 1 287 uruchomień 18,4% konwersja 24 800 zł przychód\":\n    - /url: /pl/automations/a1\n  - link \"Kupon dla VIP po 5 zamówieniach coupon email 89 uruchomień 62,1% konwersja 12 400 zł przychód\":\n    - /url: /pl/automations/a4\n  - link \"Powitanie po rejestracji email 412 uruchomień 41,2% konwersja 8 930 zł przychód\":\n    - /url: /pl/automations/a2"
    ---
    >   "aria": "- complementary:\n  - text: kivvi click\n  - button \"AS aureashop.pl Plan Pro · 3 strony\"\n  - navigation \"Nawigacja główna\":\n    - text: Główne\n    - link \"Pulpit\":\n      - /url: /pl/dashboard\n    - link \"Strumień zdarzeń ·\":\n      - /url: /pl/events\n    - link \"Klienci\":\n      - /url: /pl/customers\n    - text: Automatyzacja\n    - link \"Reguły\":\n      - /url: /pl/automations\n    - link \"Kampanie email\":\n      - /url: /pl/campaigns\n    - link \"Popupy i widgety\":\n      - /url: /pl/popups\n    - text: Dane\n    - link \"Feedy produktów\":\n      - /url: /pl/feeds\n    - link \"Import klientów\":\n      - /url: /pl/import\n    - text: Konfiguracja\n    - link \"Ustawienia\":\n      - /url: /pl/settings\n  - text: A Anna anna@aureashop.pl\n- main:\n  - button \"Zwiń panel boczny\"\n  - navigation \"Ścieżka\": aureashop.pl / Pulpit\n  - button \"Szukaj\": Szukaj zdarzeń, klientów, reguł… ⌘K\n  - link \"PL\":\n    - /url: /en/dashboard\n  - button \"Motyw\"\n  - button \"Powiadomienia\""
login step 7 desktop: dims_o=1440x900 dims_c=1440x900 AE=866948 total=1296000 pct=66.894%
login step 7 mobile: dims_o=390x844 dims_c=390x844 AE=111896 total=329160 pct=33.994%
  texts.json: DIFFERS
    27,183c27
    <   "PL",
    <   "Co dzieje się teraz",
    <   "Strumień zdarzeń z Twoich stron, na żywo, oraz wpływ uruchomionych automatyzacji.",
    <   "na żywo",
  a11y.json: DIFFERS
    2c2
    <   "aria": "- complementary:\n  - text: kivvi click\n  - button \"AS aureashop.pl Plan Pro · 3 strony\"\n  - navigation \"Nawigacja główna\":\n    - text: Główne\n    - link \"Pulpit\":\n      - /url: /pl/dashboard\n    - link \"Strumień zdarzeń ·\":\n      - /url: /pl/events\n    - link \"Klienci\":\n      - /url: /pl/customers\n    - text: Automatyzacja\n    - link \"Reguły\":\n      - /url: /pl/automations\n    - link \"Kampanie email\":\n      - /url: /pl/campaigns\n    - link \"Popupy i widgety\":\n      - /url: /pl/popups\n    - text: Dane\n    - link \"Feedy produktów\":\n      - /url: /pl/feeds\n    - link \"Import klientów\":\n      - /url: /pl/import\n    - text: Konfiguracja\n    - link \"Ustawienia\":\n      - /url: /pl/settings\n  - text: A Anna anna@aureashop.pl\n- main:\n  - button \"Zwiń panel boczny\"\n  - navigation \"Ścieżka\": aureashop.pl / Pulpit\n  - button \"Szukaj\": Szukaj zdarzeń, klientów, reguł… ⌘K\n  - link \"PL\":\n    - /url: /en/dashboard\n  - button \"Motyw\"\n  - button \"Powiadomienia\"\n  - heading \"Co dzieje się teraz\" [level=1]\n  - paragraph: Strumień zdarzeń z Twoich stron, na żywo, oraz wpływ uruchomionych automatyzacji.\n  - text: na żywo\n  - button \"Eksport\"\n  - link \"Nowa automatyzacja\":\n    - /url: /pl/automations/new\n  - text: Zdarzeń ostatnia minuta 847 +12,4% vs śr. Aktywne sesje 312 +4,1% Maile dostarczone (24h) 8 410 −2,0% Przypisany przychód (24h) 94 200 zł +22,4%\n  - heading \"Pulsacja zdarzeń\" [level=3]\n  - text: liczba zdarzeń / sekundę\n  - button \"5 min\"\n  - button \"1 godz.\"\n  - button \"24 godz.\"\n  - img \"Pulsacja zdarzeń\"\n  - text: \"Średnia 5 min: 14,2 ev/s Pik: 28 ev/s · <HH:MM:SS> Aktualizacja: co 1 s\"\n  - heading \"Strumień na żywo\" [level=3]\n  - text: wszystkie strony\n  - button \"Pauza\"\n  - link \"Cały log\":\n    - /url: /pl/events\n  - text: <HH:MM:SS> Dodanie do koszyka Zielona herbata Sencha 100g AK Anna K. aureashop.pl <HH:MM:SS> Rejestracja lukasz.n@example.com ŁN Łukasz N. polna-bistro.pl <HH:MM:SS> Lista życzeń Świeca sojowa „Figa” HC Hania C. mlot-narzedzia.pl <HH:MM:SS> Zakup 230,00 PLN · 4 produkty AP Anna P. aureashop.pl <HH:MM:SS> Wyszukiwanie „świeca” ŁK Łukasz K. polna-bistro.pl <HH:MM:SS> Wyświetlenie strony /produkt/zielona-herbata-sencha KN Kasia N. mlot-narzedzia.pl <HH:MM:SS> Zalogowanie olek.c@example.com OC Olek C. aureashop.pl <HH:MM:SS> Porzucony koszyk Po 8:42 minut WP Wojtek P. polna-bistro.pl <HH:MM:SS> Dodanie do koszyka Plecak canvas Olive KK Kasia K. mlot-narzedzia.pl <HH:MM:SS> Rejestracja olek.n@example.com ON Olek N. aureashop.pl\n  - heading \"Ostatnio widziani\" [level=3]\n  - link \"Wszyscy\":\n    - /url: /pl/customers\n  - link \"AK Anna K. anna.k@example.com 0 zam. teraz\":\n    - /url: /pl/customers/c_1000\n  - link \"KN Kasia N. kasia.n@example.com 1 zam. 1 min temu\":\n    - /url: /pl/customers/c_1001\n  - link \"MC Marta C. marta.c@example.com 2 zam. 2 min temu\":\n    - /url: /pl/customers/c_1002\n  - link \"TP Tomek P. tomek.p@example.com 3 zam. 3 min temu\":\n    - /url: /pl/customers/c_1003\n  - link \"PK Piotr K. piotr.k@example.com 4 zam. 4 min temu\":\n    - /url: /pl/customers/c_1004\n  - link \"ŁN Łukasz N. lukasz.n@example.com 5 zam. 5 min temu\":\n    - /url: /pl/customers/c_1005\n  - heading \"Najskuteczniejsze automatyzacje\" [level=3]\n  - text: wg konwersji w ostatnich 7 dniach\n  - link \"Wszystkie\":\n    - /url: /pl/automations\n  - link \"Rekomendacje „podobne produkty” widget 18 420 uruchomień 7,9% konwersja 41 200 zł przychód\":\n    - /url: /pl/automations/a3\n  - link \"Powrót do porzuconego koszyka email popup 1 287 uruchomień 18,4% konwersja 24 800 zł przychód\":\n    - /url: /pl/automations/a1\n  - link \"Kupon dla VIP po 5 zamówieniach coupon email 89 uruchomień 62,1% konwersja 12 400 zł przychód\":\n    - /url: /pl/automations/a4\n  - link \"Powitanie po rejestracji email 412 uruchomień 41,2% konwersja 8 930 zł przychód\":\n    - /url: /pl/automations/a2"
    ---
    >   "aria": "- complementary:\n  - text: kivvi click\n  - button \"AS aureashop.pl Plan Pro · 3 strony\"\n  - navigation \"Nawigacja główna\":\n    - text: Główne\n    - link \"Pulpit\":\n      - /url: /pl/dashboard\n    - link \"Strumień zdarzeń ·\":\n      - /url: /pl/events\n    - link \"Klienci\":\n      - /url: /pl/customers\n    - text: Automatyzacja\n    - link \"Reguły\":\n      - /url: /pl/automations\n    - link \"Kampanie email\":\n      - /url: /pl/campaigns\n    - link \"Popupy i widgety\":\n      - /url: /pl/popups\n    - text: Dane\n    - link \"Feedy produktów\":\n      - /url: /pl/feeds\n    - link \"Import klientów\":\n      - /url: /pl/import\n    - text: Konfiguracja\n    - link \"Ustawienia\":\n      - /url: /pl/settings\n  - text: A Anna anna@aureashop.pl\n- main:\n  - button \"Zwiń panel boczny\"\n  - navigation \"Ścieżka\": aureashop.pl / Pulpit\n  - button \"Szukaj\": Szukaj zdarzeń, klientów, reguł… ⌘K\n  - link \"PL\":\n    - /url: /en/dashboard\n  - button \"Motyw\"\n  - button \"Powiadomienia\""
login step 8 desktop: dims_o=1440x900 dims_c=1440x900 AE=866948 total=1296000 pct=66.894%
login step 8 mobile: dims_o=390x844 dims_c=390x844 AE=111896 total=329160 pct=33.994%
  texts.json: DIFFERS
    27,183c27
    <   "PL",
    <   "Co dzieje się teraz",
    <   "Strumień zdarzeń z Twoich stron, na żywo, oraz wpływ uruchomionych automatyzacji.",
    <   "na żywo",
  a11y.json: DIFFERS
    2c2
    <   "aria": "- complementary:\n  - text: kivvi click\n  - button \"AS aureashop.pl Plan Pro · 3 strony\"\n  - navigation \"Nawigacja główna\":\n    - text: Główne\n    - link \"Pulpit\":\n      - /url: /pl/dashboard\n    - link \"Strumień zdarzeń ·\":\n      - /url: /pl/events\n    - link \"Klienci\":\n      - /url: /pl/customers\n    - text: Automatyzacja\n    - link \"Reguły\":\n      - /url: /pl/automations\n    - link \"Kampanie email\":\n      - /url: /pl/campaigns\n    - link \"Popupy i widgety\":\n      - /url: /pl/popups\n    - text: Dane\n    - link \"Feedy produktów\":\n      - /url: /pl/feeds\n    - link \"Import klientów\":\n      - /url: /pl/import\n    - text: Konfiguracja\n    - link \"Ustawienia\":\n      - /url: /pl/settings\n  - text: MK Maciej Kowalczyk maciej@aureashop.pl\n- main:\n  - button \"Zwiń panel boczny\"\n  - navigation \"Ścieżka\": aureashop.pl / Pulpit\n  - button \"Szukaj\": Szukaj zdarzeń, klientów, reguł… ⌘K\n  - link \"PL\":\n    - /url: /en/dashboard\n  - button \"Motyw\"\n  - button \"Powiadomienia\"\n  - heading \"Co dzieje się teraz\" [level=1]\n  - paragraph: Strumień zdarzeń z Twoich stron, na żywo, oraz wpływ uruchomionych automatyzacji.\n  - text: na żywo\n  - button \"Eksport\"\n  - link \"Nowa automatyzacja\":\n    - /url: /pl/automations/new\n  - text: Zdarzeń ostatnia minuta 847 +12,4% vs śr. Aktywne sesje 312 +4,1% Maile dostarczone (24h) 8 410 −2,0% Przypisany przychód (24h) 94 200 zł +22,4%\n  - heading \"Pulsacja zdarzeń\" [level=3]\n  - text: liczba zdarzeń / sekundę\n  - button \"5 min\"\n  - button \"1 godz.\"\n  - button \"24 godz.\"\n  - img \"Pulsacja zdarzeń\"\n  - text: \"Średnia 5 min: 14,2 ev/s Pik: 28 ev/s · <HH:MM:SS> Aktualizacja: co 1 s\"\n  - heading \"Strumień na żywo\" [level=3]\n  - text: wszystkie strony\n  - button \"Pauza\"\n  - link \"Cały log\":\n    - /url: /pl/events\n  - text: <HH:MM:SS> Dodanie do koszyka Zielona herbata Sencha 100g AK Anna K. aureashop.pl <HH:MM:SS> Rejestracja lukasz.n@example.com ŁN Łukasz N. polna-bistro.pl <HH:MM:SS> Lista życzeń Świeca sojowa „Figa” HC Hania C. mlot-narzedzia.pl <HH:MM:SS> Zakup 230,00 PLN · 4 produkty AP Anna P. aureashop.pl <HH:MM:SS> Wyszukiwanie „świeca” ŁK Łukasz K. polna-bistro.pl <HH:MM:SS> Wyświetlenie strony /produkt/zielona-herbata-sencha KN Kasia N. mlot-narzedzia.pl <HH:MM:SS> Zalogowanie olek.c@example.com OC Olek C. aureashop.pl <HH:MM:SS> Porzucony koszyk Po 8:42 minut WP Wojtek P. polna-bistro.pl <HH:MM:SS> Dodanie do koszyka Plecak canvas Olive KK Kasia K. mlot-narzedzia.pl <HH:MM:SS> Rejestracja olek.n@example.com ON Olek N. aureashop.pl\n  - heading \"Ostatnio widziani\" [level=3]\n  - link \"Wszyscy\":\n    - /url: /pl/customers\n  - link \"AK Anna K. anna.k@example.com 0 zam. teraz\":\n    - /url: /pl/customers/c_1000\n  - link \"KN Kasia N. kasia.n@example.com 1 zam. 1 min temu\":\n    - /url: /pl/customers/c_1001\n  - link \"MC Marta C. marta.c@example.com 2 zam. 2 min temu\":\n    - /url: /pl/customers/c_1002\n  - link \"TP Tomek P. tomek.p@example.com 3 zam. 3 min temu\":\n    - /url: /pl/customers/c_1003\n  - link \"PK Piotr K. piotr.k@example.com 4 zam. 4 min temu\":\n    - /url: /pl/customers/c_1004\n  - link \"ŁN Łukasz N. lukasz.n@example.com 5 zam. 5 min temu\":\n    - /url: /pl/customers/c_1005\n  - heading \"Najskuteczniejsze automatyzacje\" [level=3]\n  - text: wg konwersji w ostatnich 7 dniach\n  - link \"Wszystkie\":\n    - /url: /pl/automations\n  - link \"Rekomendacje „podobne produkty” widget 18 420 uruchomień 7,9% konwersja 41 200 zł przychód\":\n    - /url: /pl/automations/a3\n  - link \"Powrót do porzuconego koszyka email popup 1 287 uruchomień 18,4% konwersja 24 800 zł przychód\":\n    - /url: /pl/automations/a1\n  - link \"Kupon dla VIP po 5 zamówieniach coupon email 89 uruchomień 62,1% konwersja 12 400 zł przychód\":\n    - /url: /pl/automations/a4\n  - link \"Powitanie po rejestracji email 412 uruchomień 41,2% konwersja 8 930 zł przychód\":\n    - /url: /pl/automations/a2"
    ---
    >   "aria": "- complementary:\n  - text: kivvi click\n  - button \"AS aureashop.pl Plan Pro · 3 strony\"\n  - navigation \"Nawigacja główna\":\n    - text: Główne\n    - link \"Pulpit\":\n      - /url: /pl/dashboard\n    - link \"Strumień zdarzeń ·\":\n      - /url: /pl/events\n    - link \"Klienci\":\n      - /url: /pl/customers\n    - text: Automatyzacja\n    - link \"Reguły\":\n      - /url: /pl/automations\n    - link \"Kampanie email\":\n      - /url: /pl/campaigns\n    - link \"Popupy i widgety\":\n      - /url: /pl/popups\n    - text: Dane\n    - link \"Feedy produktów\":\n      - /url: /pl/feeds\n    - link \"Import klientów\":\n      - /url: /pl/import\n    - text: Konfiguracja\n    - link \"Ustawienia\":\n      - /url: /pl/settings\n  - text: MK Maciej Kowalczyk maciej@aureashop.pl\n- main:\n  - button \"Zwiń panel boczny\"\n  - navigation \"Ścieżka\": aureashop.pl / Pulpit\n  - button \"Szukaj\": Szukaj zdarzeń, klientów, reguł… ⌘K\n  - link \"PL\":\n    - /url: /en/dashboard\n  - button \"Motyw\"\n  - button \"Powiadomienia\""
customers step 1 desktop: dims_o=1440x900 dims_c=1440x900 AE=0 total=1296000 pct=0.000%
customers step 1 mobile: dims_o=390x844 dims_c=390x844 AE=0 total=329160 pct=0.000%
  texts.json: identical
  a11y.json: identical
customers step 2 desktop: dims_o=1440x900 dims_c=1440x900 AE=0 total=1296000 pct=0.000%
customers step 2 mobile: dims_o=390x844 dims_c=390x844 AE=0 total=329160 pct=0.000%
  texts.json: identical
  a11y.json: identical
customers step 3 desktop: dims_o=1440x900 dims_c=1440x900 AE=0 total=1296000 pct=0.000%
customers step 3 mobile: dims_o=390x844 dims_c=390x844 AE=0 total=329160 pct=0.000%
  texts.json: identical
  a11y.json: identical
customers step 4 desktop: dims_o=1440x900 dims_c=1440x900 AE=0 total=1296000 pct=0.000%
customers step 4 mobile: dims_o=390x844 dims_c=390x844 AE=0 total=329160 pct=0.000%
  texts.json: identical
  a11y.json: identical
customers step 5 desktop: dims_o=1440x900 dims_c=1440x900 AE=0 total=1296000 pct=0.000%
customers step 5 mobile: dims_o=390x844 dims_c=390x844 AE=0 total=329160 pct=0.000%
  texts.json: identical
  a11y.json: identical
SKIP customers step 6 (oracle documentStatus 404, DEV-12)
