
Running 5 tests using 5 workers

  ✓  4 [chrome] › specs/public.spec.ts:33:9 › landing › English landing keeps the same structure (1.2s)
  ✓  1 [chrome] › specs/public.spec.ts:7:9 › landing › hero, preview frame, features, steps and pricing (1.6s)
  ✓  2 [chrome] › specs/public.spec.ts:42:9 › login › signs in and shows the identity in the sidebar (1.8s)
  ✓  3 [chrome] › specs/public.spec.ts:23:9 › landing › the demo button lands in the panel (2.0s)
  ✓  5 [chrome] › specs/public.spec.ts:56:9 › login › the browser blocks a malformed address before it is sent (2.0s)

  5 passed (3.2s)
{
  "config": {
    "argv": [
      "/usr/bin/node",
      "/home/muszkin/work/kivvi-click-wt/verify-wave-2-e2e/tests/e2e/node_modules/.bin/playwright",
      "test",
      "public.spec.ts",
      "--reporter=list,json,html",
      "--output=/home/muszkin/work/kivvi-click/context/implementation-runs/2026-09-08T141500Z-spring-vue-migration/waves/wave-2/e2e/regression/public/test-results"
    ],
    "configFile": "/home/muszkin/work/kivvi-click-wt/verify-wave-2-e2e/tests/e2e/playwright.config.ts",
    "rootDir": "/home/muszkin/work/kivvi-click-wt/verify-wave-2-e2e/tests/e2e/specs",
    "failOnFlakyTests": false,
    "forbidOnly": false,
    "fullyParallel": true,
    "globalSetup": null,
    "globalTeardown": null,
    "globalTimeout": 0,
    "grep": {},
    "grepInvert": null,
    "maxFailures": 0,
    "metadata": {
      "actualWorkers": 5
    },
    "preserveOutput": "always",
    "projects": [
      {
        "outputDir": "/home/muszkin/work/kivvi-click/context/implementation-runs/2026-09-08T141500Z-spring-vue-migration/waves/wave-2/e2e/regression/public/test-results",
        "repeatEach": 1,
        "retries": 0,
        "metadata": {
          "actualWorkers": 5
        },
        "id": "chrome",
        "name": "chrome",
        "testDir": "/home/muszkin/work/kivvi-click-wt/verify-wave-2-e2e/tests/e2e/specs",
        "testIgnore": [],
        "testMatch": [
          "**/*.@(spec|test).?(c|m)[jt]s?(x)"
        ],
        "timeout": 30000
      }
    ],
    "quiet": false,
    "reporter": [
      [
        "list"
      ],
      [
        "json"
      ],
      [
        "html"
      ]
    ],
    "reportSlowTests": {
      "max": 5,
      "threshold": 300000
    },
    "shard": null,
    "tags": [],
    "updateSnapshots": "missing",
    "updateSourceMethod": "patch",
    "version": "1.62.1",
    "workers": 8,
    "webServer": null
  },
  "suites": [
    {
      "title": "public.spec.ts",
      "file": "public.spec.ts",
      "column": 0,
      "line": 0,
      "specs": [],
      "suites": [
        {
          "title": "landing",
          "file": "public.spec.ts",
          "line": 6,
          "column": 6,
          "specs": [
            {
              "title": "hero, preview frame, features, steps and pricing",
              "ok": true,
              "tags": [],
              "tests": [
                {
                  "timeout": 30000,
                  "annotations": [],
                  "expectedStatus": "passed",
                  "projectId": "chrome",
                  "projectName": "chrome",
                  "results": [
                    {
                      "workerIndex": 0,
                      "parallelIndex": 0,
                      "status": "passed",
                      "duration": 1579,
                      "errors": [],
                      "stdout": [],
                      "stderr": [],
                      "retry": 0,
                      "startTime": "2026-09-08T22:04:15.078Z",
                      "annotations": [],
                      "attachments": []
                    }
                  ],
                  "status": "expected"
                }
              ],
              "id": "349fc90c6061c792a808-fdf57e0a7ef6c3bb2a30",
              "file": "public.spec.ts",
              "line": 7,
              "column": 9
            },
            {
              "title": "the demo button lands in the panel",
              "ok": true,
              "tags": [],
              "tests": [
                {
                  "timeout": 30000,
                  "annotations": [],
                  "expectedStatus": "passed",
                  "projectId": "chrome",
                  "projectName": "chrome",
                  "results": [
                    {
                      "workerIndex": 1,
                      "parallelIndex": 1,
                      "status": "passed",
                      "duration": 1971,
                      "errors": [],
                      "stdout": [],
                      "stderr": [],
                      "retry": 0,
                      "startTime": "2026-09-08T22:04:15.094Z",
                      "annotations": [],
                      "attachments": []
                    }
                  ],
                  "status": "expected"
                }
              ],
              "id": "349fc90c6061c792a808-1ab51bc91ee574b774dc",
              "file": "public.spec.ts",
              "line": 23,
              "column": 9
            },
            {
              "title": "English landing keeps the same structure",
              "ok": true,
              "tags": [],
              "tests": [
                {
                  "timeout": 30000,
                  "annotations": [],
                  "expectedStatus": "passed",
                  "projectId": "chrome",
                  "projectName": "chrome",
                  "results": [
                    {
                      "workerIndex": 2,
                      "parallelIndex": 2,
                      "status": "passed",
                      "duration": 1233,
                      "errors": [],
                      "stdout": [],
                      "stderr": [],
                      "retry": 0,
                      "startTime": "2026-09-08T22:04:15.114Z",
                      "annotations": [],
                      "attachments": []
                    }
                  ],
                  "status": "expected"
                }
              ],
              "id": "349fc90c6061c792a808-4e445efe6ea3ca496d4b",
              "file": "public.spec.ts",
              "line": 33,
              "column": 9
            }
          ]
        },
        {
          "title": "login",
          "file": "public.spec.ts",
          "line": 41,
          "column": 6,
          "specs": [
            {
              "title": "signs in and shows the identity in the sidebar",
              "ok": true,
              "tags": [],
              "tests": [
                {
                  "timeout": 30000,
                  "annotations": [],
                  "expectedStatus": "passed",
                  "projectId": "chrome",
                  "projectName": "chrome",
                  "results": [
                    {
                      "workerIndex": 3,
                      "parallelIndex": 3,
                      "status": "passed",
                      "duration": 1841,
                      "errors": [],
                      "stdout": [],
                      "stderr": [],
                      "retry": 0,
                      "startTime": "2026-09-08T22:04:15.090Z",
                      "annotations": [],
                      "attachments": []
                    }
                  ],
                  "status": "expected"
                }
              ],
              "id": "349fc90c6061c792a808-1d7965c665a0eccaf7e6",
              "file": "public.spec.ts",
              "line": 42,
              "column": 9
            },
            {
              "title": "the browser blocks a malformed address before it is sent",
              "ok": true,
              "tags": [],
              "tests": [
                {
                  "timeout": 30000,
                  "annotations": [],
                  "expectedStatus": "passed",
                  "projectId": "chrome",
                  "projectName": "chrome",
                  "results": [
                    {
                      "workerIndex": 4,
                      "parallelIndex": 4,
                      "status": "passed",
                      "duration": 1991,
                      "errors": [],
                      "stdout": [],
                      "stderr": [],
                      "retry": 0,
                      "startTime": "2026-09-08T22:04:15.124Z",
                      "annotations": [],
                      "attachments": []
                    }
                  ],
                  "status": "expected"
                }
              ],
              "id": "349fc90c6061c792a808-53eab3095d73106b764d",
              "file": "public.spec.ts",
              "line": 56,
              "column": 9
            }
          ]
        }
      ]
    }
  ],
  "errors": [],
  "stats": {
    "startTime": "2026-09-08T22:04:14.400Z",
    "duration": 3210.5699999999997,
    "expected": 5,
    "skipped": 0,
    "unexpected": 0,
    "flaky": 0
  }
}
