
Running 5 tests using 5 workers

  ✓  5 [chrome] › specs/public.spec.ts:42:9 › login › signs in and shows the identity in the sidebar (1.1s)
  ✓  1 [chrome] › specs/public.spec.ts:56:9 › login › the browser blocks a malformed address before it is sent (1.2s)
  ✘  4 [chrome] › specs/public.spec.ts:33:9 › landing › English landing keeps the same structure (5.7s)
  ✘  3 [chrome] › specs/public.spec.ts:7:9 › landing › hero, preview frame, features, steps and pricing (5.8s)
  ✘  2 [chrome] › specs/public.spec.ts:23:9 › landing › the demo button lands in the panel (30.1s)


  1) [chrome] › specs/public.spec.ts:7:9 › landing › hero, preview frame, features, steps and pricing 

    Error: expect(locator).toContainText(expected) failed

    Locator: locator('.hero h1')
    Expected substring: "Widzisz"
    Timeout: 5000ms
    Error: element(s) not found

    Call log:
      - Expect "toContainText" with timeout 5000ms
      - waiting for locator('.hero h1')


      10 |         await page.goto("/pl");
      11 |
    > 12 |         await expect(page.locator(".hero h1")).toContainText("Widzisz");
         |                                                ^
      13 |         await expect(page.locator(".hero-cta a")).toHaveCount(2);
      14 |         await expect(page.locator(".hero-preview .kpi")).toHaveCount(4);
      15 |         // The marketing preview renders the traffic shape server-side, not as the live canvas.
        at /home/muszkin/work/kivvi-click-wt/verify-wave-0-e2e/tests/e2e/specs/public.spec.ts:12:48

    attachment #1: screenshot (image/png) ──────────────────────────────────────────────────────────
    ../../../../kivvi-click/context/implementation-runs/2026-09-08T141500Z-spring-vue-migration/waves/wave-0/e2e/test-results-public-full/public-landing-hero-preview-frame-features-steps-and-pricing-chrome/test-failed-1.png
    ────────────────────────────────────────────────────────────────────────────────────────────────

    Error Context: ../../../../kivvi-click/context/implementation-runs/2026-09-08T141500Z-spring-vue-migration/waves/wave-0/e2e/test-results-public-full/public-landing-hero-preview-frame-features-steps-and-pricing-chrome/error-context.md

    attachment #3: trace (application/zip) ─────────────────────────────────────────────────────────
    ../../../../kivvi-click/context/implementation-runs/2026-09-08T141500Z-spring-vue-migration/waves/wave-0/e2e/test-results-public-full/public-landing-hero-preview-frame-features-steps-and-pricing-chrome/trace.zip
    Usage:

        npx playwright show-trace ../../../../kivvi-click/context/implementation-runs/2026-09-08T141500Z-spring-vue-migration/waves/wave-0/e2e/test-results-public-full/public-landing-hero-preview-frame-features-steps-and-pricing-chrome/trace.zip

    ────────────────────────────────────────────────────────────────────────────────────────────────

  2) [chrome] › specs/public.spec.ts:23:9 › landing › the demo button lands in the panel ───────────

    Test timeout of 30000ms exceeded.

    Error: locator.click: Test timeout of 30000ms exceeded.
    Call log:
      - waiting for locator('.hero-cta a').filter({ hasText: 'demo' })


      23 |     test("the demo button lands in the panel", async ({ page }) => {
      24 |         await page.goto("/pl");
    > 25 |         await page.locator(".hero-cta a", { hasText: "demo" }).click();
         |                                                                ^
      26 |
      27 |         await expect(page).toHaveURL(/\/pl\/dashboard/);
      28 |         await expect(page.locator(".page-title")).toContainText(
        at /home/muszkin/work/kivvi-click-wt/verify-wave-0-e2e/tests/e2e/specs/public.spec.ts:25:64

    attachment #1: screenshot (image/png) ──────────────────────────────────────────────────────────
    ../../../../kivvi-click/context/implementation-runs/2026-09-08T141500Z-spring-vue-migration/waves/wave-0/e2e/test-results-public-full/public-landing-the-demo-button-lands-in-the-panel-chrome/test-failed-1.png
    ────────────────────────────────────────────────────────────────────────────────────────────────

    Error Context: ../../../../kivvi-click/context/implementation-runs/2026-09-08T141500Z-spring-vue-migration/waves/wave-0/e2e/test-results-public-full/public-landing-the-demo-button-lands-in-the-panel-chrome/error-context.md

    attachment #3: trace (application/zip) ─────────────────────────────────────────────────────────
    ../../../../kivvi-click/context/implementation-runs/2026-09-08T141500Z-spring-vue-migration/waves/wave-0/e2e/test-results-public-full/public-landing-the-demo-button-lands-in-the-panel-chrome/trace.zip
    Usage:

        npx playwright show-trace ../../../../kivvi-click/context/implementation-runs/2026-09-08T141500Z-spring-vue-migration/waves/wave-0/e2e/test-results-public-full/public-landing-the-demo-button-lands-in-the-panel-chrome/trace.zip

    ────────────────────────────────────────────────────────────────────────────────────────────────

  3) [chrome] › specs/public.spec.ts:33:9 › landing › English landing keeps the same structure ─────

    Error: expect(locator).toContainText(expected) failed

    Locator: locator('.hero h1')
    Expected substring: "See"
    Timeout: 5000ms
    Error: element(s) not found

    Call log:
      - Expect "toContainText" with timeout 5000ms
      - waiting for locator('.hero h1')


      34 |         await page.goto("/en");
      35 |
    > 36 |         await expect(page.locator(".hero h1")).toContainText("See");
         |                                                ^
      37 |         await expect(page.locator("#features .feat")).toHaveCount(6);
      38 |     });
      39 | });
        at /home/muszkin/work/kivvi-click-wt/verify-wave-0-e2e/tests/e2e/specs/public.spec.ts:36:48

    attachment #1: screenshot (image/png) ──────────────────────────────────────────────────────────
    ../../../../kivvi-click/context/implementation-runs/2026-09-08T141500Z-spring-vue-migration/waves/wave-0/e2e/test-results-public-full/public-landing-English-landing-keeps-the-same-structure-chrome/test-failed-1.png
    ────────────────────────────────────────────────────────────────────────────────────────────────

    Error Context: ../../../../kivvi-click/context/implementation-runs/2026-09-08T141500Z-spring-vue-migration/waves/wave-0/e2e/test-results-public-full/public-landing-English-landing-keeps-the-same-structure-chrome/error-context.md

    attachment #3: trace (application/zip) ─────────────────────────────────────────────────────────
    ../../../../kivvi-click/context/implementation-runs/2026-09-08T141500Z-spring-vue-migration/waves/wave-0/e2e/test-results-public-full/public-landing-English-landing-keeps-the-same-structure-chrome/trace.zip
    Usage:

        npx playwright show-trace ../../../../kivvi-click/context/implementation-runs/2026-09-08T141500Z-spring-vue-migration/waves/wave-0/e2e/test-results-public-full/public-landing-English-landing-keeps-the-same-structure-chrome/trace.zip

    ────────────────────────────────────────────────────────────────────────────────────────────────

  3 failed
    [chrome] › specs/public.spec.ts:7:9 › landing › hero, preview frame, features, steps and pricing 
    [chrome] › specs/public.spec.ts:23:9 › landing › the demo button lands in the panel ────────────
    [chrome] › specs/public.spec.ts:33:9 › landing › English landing keeps the same structure ──────
  2 passed (30.8s)
{
  "config": {
    "argv": [
      "/usr/bin/node",
      "/home/muszkin/work/kivvi-click-wt/verify-wave-0-e2e/tests/e2e/node_modules/.bin/playwright",
      "test",
      "public.spec.ts",
      "--reporter=list,json,html",
      "--output=/home/muszkin/work/kivvi-click/context/implementation-runs/2026-09-08T141500Z-spring-vue-migration/waves/wave-0/e2e/test-results-public-full"
    ],
    "configFile": "/home/muszkin/work/kivvi-click-wt/verify-wave-0-e2e/tests/e2e/playwright.config.ts",
    "rootDir": "/home/muszkin/work/kivvi-click-wt/verify-wave-0-e2e/tests/e2e/specs",
    "failOnFlakyTests": false,
    "forbidOnly": false,
    "fullyParallel": true,
    "globalSetup": null,
    "globalTeardown": null,
    "globalTimeout": 0,
    "grep": {},
    "grepInvert": null,
    "maxFailures": 0,
    "metadata": {
      "actualWorkers": 5
    },
    "preserveOutput": "always",
    "projects": [
      {
        "outputDir": "/home/muszkin/work/kivvi-click/context/implementation-runs/2026-09-08T141500Z-spring-vue-migration/waves/wave-0/e2e/test-results-public-full",
        "repeatEach": 1,
        "retries": 0,
        "metadata": {
          "actualWorkers": 5
        },
        "id": "chrome",
        "name": "chrome",
        "testDir": "/home/muszkin/work/kivvi-click-wt/verify-wave-0-e2e/tests/e2e/specs",
        "testIgnore": [],
        "testMatch": [
          "**/*.@(spec|test).?(c|m)[jt]s?(x)"
        ],
        "timeout": 30000
      }
    ],
    "quiet": false,
    "reporter": [
      [
        "list"
      ],
      [
        "json"
      ],
      [
        "html"
      ]
    ],
    "reportSlowTests": {
      "max": 5,
      "threshold": 300000
    },
    "shard": null,
    "tags": [],
    "updateSnapshots": "missing",
    "updateSourceMethod": "patch",
    "version": "1.62.1",
    "workers": 8,
    "webServer": null
  },
  "suites": [
    {
      "title": "public.spec.ts",
      "file": "public.spec.ts",
      "column": 0,
      "line": 0,
      "specs": [],
      "suites": [
        {
          "title": "landing",
          "file": "public.spec.ts",
          "line": 6,
          "column": 6,
          "specs": [
            {
              "title": "hero, preview frame, features, steps and pricing",
              "ok": false,
              "tags": [],
              "tests": [
                {
                  "timeout": 30000,
                  "annotations": [],
                  "expectedStatus": "passed",
                  "projectId": "chrome",
                  "projectName": "chrome",
                  "results": [
                    {
                      "workerIndex": 0,
                      "parallelIndex": 0,
                      "status": "failed",
                      "duration": 5763,
                      "error": {
                        "message": "Error: \u001b[2mexpect(\u001b[22m\u001b[31mlocator\u001b[39m\u001b[2m).\u001b[22mtoContainText\u001b[2m(\u001b[22m\u001b[32mexpected\u001b[39m\u001b[2m)\u001b[22m failed\n\nLocator: locator('.hero h1')\nExpected substring: \u001b[32m\"Widzisz\"\u001b[39m\nTimeout: 5000ms\nError: element(s) not found\n\nCall log:\n\u001b[2m  - Expect \"toContainText\" with timeout 5000ms\u001b[22m\n\u001b[2m  - waiting for locator('.hero h1')\u001b[22m\n",
                        "stack": "Error: \u001b[2mexpect(\u001b[22m\u001b[31mlocator\u001b[39m\u001b[2m).\u001b[22mtoContainText\u001b[2m(\u001b[22m\u001b[32mexpected\u001b[39m\u001b[2m)\u001b[22m failed\n\nLocator: locator('.hero h1')\nExpected substring: \u001b[32m\"Widzisz\"\u001b[39m\nTimeout: 5000ms\nError: element(s) not found\n\nCall log:\n\u001b[2m  - Expect \"toContainText\" with timeout 5000ms\u001b[22m\n\u001b[2m  - waiting for locator('.hero h1')\u001b[22m\n\n    at /home/muszkin/work/kivvi-click-wt/verify-wave-0-e2e/tests/e2e/specs/public.spec.ts:12:48",
                        "location": {
                          "file": "/home/muszkin/work/kivvi-click-wt/verify-wave-0-e2e/tests/e2e/specs/public.spec.ts",
                          "column": 48,
                          "line": 12
                        },
                        "snippet": "  10 |         await page.goto(\"/pl\");\n  11 |\n> 12 |         await expect(page.locator(\".hero h1\")).toContainText(\"Widzisz\");\n     |                                                ^\n  13 |         await expect(page.locator(\".hero-cta a\")).toHaveCount(2);\n  14 |         await expect(page.locator(\".hero-preview .kpi\")).toHaveCount(4);\n  15 |         // The marketing preview renders the traffic shape server-side, not as the live canvas."
                      },
                      "errors": [
                        {
                          "location": {
                            "file": "/home/muszkin/work/kivvi-click-wt/verify-wave-0-e2e/tests/e2e/specs/public.spec.ts",
                            "column": 48,
                            "line": 12
                          },
                          "message": "Error: \u001b[2mexpect(\u001b[22m\u001b[31mlocator\u001b[39m\u001b[2m).\u001b[22mtoContainText\u001b[2m(\u001b[22m\u001b[32mexpected\u001b[39m\u001b[2m)\u001b[22m failed\n\nLocator: locator('.hero h1')\nExpected substring: \u001b[32m\"Widzisz\"\u001b[39m\nTimeout: 5000ms\nError: element(s) not found\n\nCall log:\n\u001b[2m  - Expect \"toContainText\" with timeout 5000ms\u001b[22m\n\u001b[2m  - waiting for locator('.hero h1')\u001b[22m\n\n\n  10 |         await page.goto(\"/pl\");\n  11 |\n> 12 |         await expect(page.locator(\".hero h1\")).toContainText(\"Widzisz\");\n     |                                                ^\n  13 |         await expect(page.locator(\".hero-cta a\")).toHaveCount(2);\n  14 |         await expect(page.locator(\".hero-preview .kpi\")).toHaveCount(4);\n  15 |         // The marketing preview renders the traffic shape server-side, not as the live canvas.\n    at /home/muszkin/work/kivvi-click-wt/verify-wave-0-e2e/tests/e2e/specs/public.spec.ts:12:48"
                        }
                      ],
                      "stdout": [],
                      "stderr": [],
                      "retry": 0,
                      "startTime": "2026-09-08T18:24:09.115Z",
                      "annotations": [],
                      "attachments": [
                        {
                          "name": "screenshot",
                          "contentType": "image/png",
                          "path": "/home/muszkin/work/kivvi-click/context/implementation-runs/2026-09-08T141500Z-spring-vue-migration/waves/wave-0/e2e/test-results-public-full/public-landing-hero-preview-frame-features-steps-and-pricing-chrome/test-failed-1.png"
                        },
                        {
                          "name": "error-context",
                          "contentType": "text/markdown",
                          "path": "/home/muszkin/work/kivvi-click/context/implementation-runs/2026-09-08T141500Z-spring-vue-migration/waves/wave-0/e2e/test-results-public-full/public-landing-hero-preview-frame-features-steps-and-pricing-chrome/error-context.md"
                        },
                        {
                          "name": "trace",
                          "contentType": "application/zip",
                          "path": "/home/muszkin/work/kivvi-click/context/implementation-runs/2026-09-08T141500Z-spring-vue-migration/waves/wave-0/e2e/test-results-public-full/public-landing-hero-preview-frame-features-steps-and-pricing-chrome/trace.zip"
                        }
                      ],
                      "errorLocation": {
                        "file": "/home/muszkin/work/kivvi-click-wt/verify-wave-0-e2e/tests/e2e/specs/public.spec.ts",
                        "column": 48,
                        "line": 12
                      }
                    }
                  ],
                  "status": "unexpected"
                }
              ],
              "id": "349fc90c6061c792a808-fdf57e0a7ef6c3bb2a30",
              "file": "public.spec.ts",
              "line": 7,
              "column": 9
            },
            {
              "title": "the demo button lands in the panel",
              "ok": false,
              "tags": [],
              "tests": [
                {
                  "timeout": 30000,
                  "annotations": [],
                  "expectedStatus": "passed",
                  "projectId": "chrome",
                  "projectName": "chrome",
                  "results": [
                    {
                      "workerIndex": 1,
                      "parallelIndex": 1,
                      "status": "timedOut",
                      "duration": 30082,
                      "error": {
                        "message": "\u001b[31mTest timeout of 30000ms exceeded.\u001b[39m",
                        "stack": "\u001b[31mTest timeout of 30000ms exceeded.\u001b[39m"
                      },
                      "errors": [
                        {
                          "message": "\u001b[31mTest timeout of 30000ms exceeded.\u001b[39m"
                        },
                        {
                          "location": {
                            "file": "/home/muszkin/work/kivvi-click-wt/verify-wave-0-e2e/tests/e2e/specs/public.spec.ts",
                            "column": 64,
                            "line": 25
                          },
                          "message": "Error: locator.click: Test timeout of 30000ms exceeded.\nCall log:\n\u001b[2m  - waiting for locator('.hero-cta a').filter({ hasText: 'demo' })\u001b[22m\n\n\n  23 |     test(\"the demo button lands in the panel\", async ({ page }) => {\n  24 |         await page.goto(\"/pl\");\n> 25 |         await page.locator(\".hero-cta a\", { hasText: \"demo\" }).click();\n     |                                                                ^\n  26 |\n  27 |         await expect(page).toHaveURL(/\\/pl\\/dashboard/);\n  28 |         await expect(page.locator(\".page-title\")).toContainText(\n    at /home/muszkin/work/kivvi-click-wt/verify-wave-0-e2e/tests/e2e/specs/public.spec.ts:25:64"
                        }
                      ],
                      "stdout": [],
                      "stderr": [],
                      "retry": 0,
                      "startTime": "2026-09-08T18:24:09.112Z",
                      "annotations": [],
                      "attachments": [
                        {
                          "name": "screenshot",
                          "contentType": "image/png",
                          "path": "/home/muszkin/work/kivvi-click/context/implementation-runs/2026-09-08T141500Z-spring-vue-migration/waves/wave-0/e2e/test-results-public-full/public-landing-the-demo-button-lands-in-the-panel-chrome/test-failed-1.png"
                        },
                        {
                          "name": "error-context",
                          "contentType": "text/markdown",
                          "path": "/home/muszkin/work/kivvi-click/context/implementation-runs/2026-09-08T141500Z-spring-vue-migration/waves/wave-0/e2e/test-results-public-full/public-landing-the-demo-button-lands-in-the-panel-chrome/error-context.md"
                        },
                        {
                          "name": "trace",
                          "contentType": "application/zip",
                          "path": "/home/muszkin/work/kivvi-click/context/implementation-runs/2026-09-08T141500Z-spring-vue-migration/waves/wave-0/e2e/test-results-public-full/public-landing-the-demo-button-lands-in-the-panel-chrome/trace.zip"
                        }
                      ]
                    }
                  ],
                  "status": "unexpected"
                }
              ],
              "id": "349fc90c6061c792a808-1ab51bc91ee574b774dc",
              "file": "public.spec.ts",
              "line": 23,
              "column": 9
            },
            {
              "title": "English landing keeps the same structure",
              "ok": false,
              "tags": [],
              "tests": [
                {
                  "timeout": 30000,
                  "annotations": [],
                  "expectedStatus": "passed",
                  "projectId": "chrome",
                  "projectName": "chrome",
                  "results": [
                    {
                      "workerIndex": 2,
                      "parallelIndex": 2,
                      "status": "failed",
                      "duration": 5660,
                      "error": {
                        "message": "Error: \u001b[2mexpect(\u001b[22m\u001b[31mlocator\u001b[39m\u001b[2m).\u001b[22mtoContainText\u001b[2m(\u001b[22m\u001b[32mexpected\u001b[39m\u001b[2m)\u001b[22m failed\n\nLocator: locator('.hero h1')\nExpected substring: \u001b[32m\"See\"\u001b[39m\nTimeout: 5000ms\nError: element(s) not found\n\nCall log:\n\u001b[2m  - Expect \"toContainText\" with timeout 5000ms\u001b[22m\n\u001b[2m  - waiting for locator('.hero h1')\u001b[22m\n",
                        "stack": "Error: \u001b[2mexpect(\u001b[22m\u001b[31mlocator\u001b[39m\u001b[2m).\u001b[22mtoContainText\u001b[2m(\u001b[22m\u001b[32mexpected\u001b[39m\u001b[2m)\u001b[22m failed\n\nLocator: locator('.hero h1')\nExpected substring: \u001b[32m\"See\"\u001b[39m\nTimeout: 5000ms\nError: element(s) not found\n\nCall log:\n\u001b[2m  - Expect \"toContainText\" with timeout 5000ms\u001b[22m\n\u001b[2m  - waiting for locator('.hero h1')\u001b[22m\n\n    at /home/muszkin/work/kivvi-click-wt/verify-wave-0-e2e/tests/e2e/specs/public.spec.ts:36:48",
                        "location": {
                          "file": "/home/muszkin/work/kivvi-click-wt/verify-wave-0-e2e/tests/e2e/specs/public.spec.ts",
                          "column": 48,
                          "line": 36
                        },
                        "snippet": "  34 |         await page.goto(\"/en\");\n  35 |\n> 36 |         await expect(page.locator(\".hero h1\")).toContainText(\"See\");\n     |                                                ^\n  37 |         await expect(page.locator(\"#features .feat\")).toHaveCount(6);\n  38 |     });\n  39 | });"
                      },
                      "errors": [
                        {
                          "location": {
                            "file": "/home/muszkin/work/kivvi-click-wt/verify-wave-0-e2e/tests/e2e/specs/public.spec.ts",
                            "column": 48,
                            "line": 36
                          },
                          "message": "Error: \u001b[2mexpect(\u001b[22m\u001b[31mlocator\u001b[39m\u001b[2m).\u001b[22mtoContainText\u001b[2m(\u001b[22m\u001b[32mexpected\u001b[39m\u001b[2m)\u001b[22m failed\n\nLocator: locator('.hero h1')\nExpected substring: \u001b[32m\"See\"\u001b[39m\nTimeout: 5000ms\nError: element(s) not found\n\nCall log:\n\u001b[2m  - Expect \"toContainText\" with timeout 5000ms\u001b[22m\n\u001b[2m  - waiting for locator('.hero h1')\u001b[22m\n\n\n  34 |         await page.goto(\"/en\");\n  35 |\n> 36 |         await expect(page.locator(\".hero h1\")).toContainText(\"See\");\n     |                                                ^\n  37 |         await expect(page.locator(\"#features .feat\")).toHaveCount(6);\n  38 |     });\n  39 | });\n    at /home/muszkin/work/kivvi-click-wt/verify-wave-0-e2e/tests/e2e/specs/public.spec.ts:36:48"
                        }
                      ],
                      "stdout": [],
                      "stderr": [],
                      "retry": 0,
                      "startTime": "2026-09-08T18:24:09.123Z",
                      "annotations": [],
                      "attachments": [
                        {
                          "name": "screenshot",
                          "contentType": "image/png",
                          "path": "/home/muszkin/work/kivvi-click/context/implementation-runs/2026-09-08T141500Z-spring-vue-migration/waves/wave-0/e2e/test-results-public-full/public-landing-English-landing-keeps-the-same-structure-chrome/test-failed-1.png"
                        },
                        {
                          "name": "error-context",
                          "contentType": "text/markdown",
                          "path": "/home/muszkin/work/kivvi-click/context/implementation-runs/2026-09-08T141500Z-spring-vue-migration/waves/wave-0/e2e/test-results-public-full/public-landing-English-landing-keeps-the-same-structure-chrome/error-context.md"
                        },
                        {
                          "name": "trace",
                          "contentType": "application/zip",
                          "path": "/home/muszkin/work/kivvi-click/context/implementation-runs/2026-09-08T141500Z-spring-vue-migration/waves/wave-0/e2e/test-results-public-full/public-landing-English-landing-keeps-the-same-structure-chrome/trace.zip"
                        }
                      ],
                      "errorLocation": {
                        "file": "/home/muszkin/work/kivvi-click-wt/verify-wave-0-e2e/tests/e2e/specs/public.spec.ts",
                        "column": 48,
                        "line": 36
                      }
                    }
                  ],
                  "status": "unexpected"
                }
              ],
              "id": "349fc90c6061c792a808-4e445efe6ea3ca496d4b",
              "file": "public.spec.ts",
              "line": 33,
              "column": 9
            }
          ]
        },
        {
          "title": "login",
          "file": "public.spec.ts",
          "line": 41,
          "column": 6,
          "specs": [
            {
              "title": "signs in and shows the identity in the sidebar",
              "ok": true,
              "tags": [],
              "tests": [
                {
                  "timeout": 30000,
                  "annotations": [],
                  "expectedStatus": "passed",
                  "projectId": "chrome",
                  "projectName": "chrome",
                  "results": [
                    {
                      "workerIndex": 3,
                      "parallelIndex": 3,
                      "status": "passed",
                      "duration": 1121,
                      "errors": [],
                      "stdout": [],
                      "stderr": [],
                      "retry": 0,
                      "startTime": "2026-09-08T18:24:09.128Z",
                      "annotations": [],
                      "attachments": []
                    }
                  ],
                  "status": "expected"
                }
              ],
              "id": "349fc90c6061c792a808-1d7965c665a0eccaf7e6",
              "file": "public.spec.ts",
              "line": 42,
              "column": 9
            },
            {
              "title": "the browser blocks a malformed address before it is sent",
              "ok": true,
              "tags": [],
              "tests": [
                {
                  "timeout": 30000,
                  "annotations": [],
                  "expectedStatus": "passed",
                  "projectId": "chrome",
                  "projectName": "chrome",
                  "results": [
                    {
                      "workerIndex": 4,
                      "parallelIndex": 4,
                      "status": "passed",
                      "duration": 1206,
                      "errors": [],
                      "stdout": [],
                      "stderr": [],
                      "retry": 0,
                      "startTime": "2026-09-08T18:24:09.096Z",
                      "annotations": [],
                      "attachments": []
                    }
                  ],
                  "status": "expected"
                }
              ],
              "id": "349fc90c6061c792a808-53eab3095d73106b764d",
              "file": "public.spec.ts",
              "line": 56,
              "column": 9
            }
          ]
        }
      ]
    }
  ],
  "errors": [],
  "stats": {
    "startTime": "2026-09-08T18:24:08.717Z",
    "duration": 30810.584,
    "expected": 2,
    "skipped": 0,
    "unexpected": 3,
    "flaky": 0
  }
}
