(node:993466) Warning: Setting the NODE_TLS_REJECT_UNAUTHORIZED environment variable to '0' makes TLS connections and HTTPS requests insecure by disabling certificate verification.
(Use `node --trace-warnings ...` to show where the warning was created)
{
  "initialJsGzipBytes": {
    "value": 73403,
    "budget": 307200,
    "pass": true
  },
  "lcpMillis": {
    "value": 232,
    "budget": 2000,
    "pass": true
  },
  "ttiMillis": {
    "value": 35.30000019073486,
    "budget": 2500,
    "pass": true
  },
  "collectP95Millis": {
    "value": 11.497812999999951,
    "budget": 500,
    "pass": true
  }
}
