WARNING: A terminally deprecated method in sun.misc.Unsafe has been called
WARNING: sun.misc.Unsafe::staticFieldBase has been called by com.google.inject.internal.aop.HiddenClassDefiner (file:/home/muszkin/.m2/wrapper/dists/apache-maven-3.9.11/a2d47e15/lib/guice-5.1.0-classes.jar)
WARNING: Please consider reporting this to the maintainers of class com.google.inject.internal.aop.HiddenClassDefiner
WARNING: sun.misc.Unsafe::staticFieldBase will be removed in a future release
[INFO] Scanning for projects...
[INFO] 
[INFO] ----------------------< click.kivvi:kivvi-click >-----------------------
[INFO] Building kivvi-click 0.1.0-w0-login
[INFO]   from pom.xml
[INFO] --------------------------------[ jar ]---------------------------------
[INFO] 
[INFO] --- resources:3.5.0:resources (default-resources) @ kivvi-click ---
[INFO] Copying 1 resource from src/main/resources to target/classes
[INFO] Copying 3 resources from src/main/resources to target/classes
[INFO] 
[INFO] --- compiler:3.15.0:compile (default-compile) @ kivvi-click ---
[INFO] Recompiling the module because of changed source code.
[INFO] Compiling 67 source files with javac [debug parameters release 25] to target/classes
[INFO] 
[INFO] --- resources:3.5.0:testResources (default-testResources) @ kivvi-click ---
[INFO] Copying 3 resources from src/test/resources to target/test-classes
[INFO] 
[INFO] --- compiler:3.15.0:testCompile (default-testCompile) @ kivvi-click ---
[INFO] Recompiling the module because of changed dependency.
[INFO] Compiling 40 source files with javac [debug parameters release 25] to target/test-classes
[INFO] 
[INFO] --- surefire:3.5.6:test (default-test) @ kivvi-click ---
[INFO] Using auto detected provider org.apache.maven.surefire.junitplatform.JUnitPlatformProvider
[INFO] 
[INFO] -------------------------------------------------------
[INFO]  T E S T S
[INFO] -------------------------------------------------------
[INFO] Running click.kivvi.architecture.ArchitectureTest
22:48:31.480 [main] INFO com.tngtech.archunit.core.PluginLoader -- Detected Java version 25.0.4.1
[ERROR] Tests run: 5, Failures: 1, Errors: 0, Skipped: 0, Time elapsed: 1.948 s <<< FAILURE! -- in click.kivvi.architecture.ArchitectureTest
[ERROR] click.kivvi.architecture.ArchitectureTest.accountsTopicLiteralExistsOnlyInEventStreamTopic -- Time elapsed: 0.062 s <<< FAILURE!
org.opentest4j.AssertionFailedError: 

Expecting actual:
  ["src/main/java/click/kivvi/domain/tracking/EventStreamTopic.java",
    "src/main/java/click/kivvi/web/TmpArchViolation.java"]
to contain exactly (and in same order):
  ["src/main/java/click/kivvi/domain/tracking/EventStreamTopic.java"]
but some elements were not expected:
  ["src/main/java/click/kivvi/web/TmpArchViolation.java"]

	at click.kivvi.architecture.ArchitectureTest.accountsTopicLiteralExistsOnlyInEventStreamTopic(ArchitectureTest.java:115)

[INFO] 
[INFO] Results:
[INFO] 
[ERROR] Failures: 
[ERROR]   ArchitectureTest.accountsTopicLiteralExistsOnlyInEventStreamTopic:115 
Expecting actual:
  ["src/main/java/click/kivvi/domain/tracking/EventStreamTopic.java",
    "src/main/java/click/kivvi/web/TmpArchViolation.java"]
to contain exactly (and in same order):
  ["src/main/java/click/kivvi/domain/tracking/EventStreamTopic.java"]
but some elements were not expected:
  ["src/main/java/click/kivvi/web/TmpArchViolation.java"]

[INFO] 
[ERROR] Tests run: 5, Failures: 1, Errors: 0, Skipped: 0
[INFO] 
[INFO] ------------------------------------------------------------------------
[INFO] BUILD FAILURE
[INFO] ------------------------------------------------------------------------
[INFO] Total time:  7.475 s
[INFO] Finished at: 2026-09-08T22:48:33Z
[INFO] ------------------------------------------------------------------------
[ERROR] Failed to execute goal org.apache.maven.plugins:maven-surefire-plugin:3.5.6:test (default-test) on project kivvi-click: There are test failures.
[ERROR] 
[ERROR] See /home/muszkin/work/kivvi-click-wt/verify-wave-2-architecture/backend/target/surefire-reports for the individual test results.
[ERROR] See dump files (if any exist) [date].dump, [date]-jvmRun[N].dump and [date].dumpstream.
[ERROR] -> [Help 1]
[ERROR] 
[ERROR] To see the full stack trace of the errors, re-run Maven with the -e switch.
[ERROR] Re-run Maven using the -X switch to enable full debug logging.
[ERROR] 
[ERROR] For more information about the errors and possible solutions, please read the following articles:
[ERROR] [Help 1] http://cwiki.apache.org/confluence/display/MAVEN/MojoFailureException
