
> kivvi-click-frontend@0.1.0 lint
> eslint .


> kivvi-click-frontend@0.1.0 typecheck
> vue-tsc --noEmit


> kivvi-click-frontend@0.1.0 format:check
> prettier --check .

Checking formatting...
All matched files use Prettier code style!

> kivvi-click-frontend@0.1.0 build
> vue-tsc --noEmit && vite build

vite v8.2.2 building client environment for production...
transforming...
✓ 88 modules transformed.
rendering chunks...
computing gzip size...
dist/index.html                   1.32 kB │ gzip:  0.63 kB
dist/assets/index-BubHWPzC.css   45.85 kB │ gzip:  8.67 kB
dist/assets/index-Bx7reQ1O.js   175.13 kB │ gzip: 63.48 kB

✓ built in 205ms

real	0m5,829s
user	0m9,351s
sys	0m1,270s
exit=0
