(node:3529036) Warning: Setting the NODE_TLS_REJECT_UNAUTHORIZED environment variable to '0' makes TLS connections and HTTPS requests insecure by disabling certificate verification.
(Use `node --trace-warnings ...` to show where the warning was created)
{
  "initialJsGzipBytes": {
    "value": 88682,
    "budget": 307200,
    "pass": true
  },
  "lcpMillis": {
    "value": 148,
    "budget": 2000,
    "pass": true
  },
  "ttiMillis": {
    "value": 13.099999904632568,
    "budget": 2500,
    "pass": true
  },
  "collectP95Millis": {
    "value": 5.712721999999985,
    "budget": 500,
    "pass": true
  }
}
EXIT:0
